Worker for send messages is starting up...
2026-06-16 17:32:37,670 INFO sqlalchemy.engine.Engine select pg_catalog.version()
2026-06-16 17:32:37,670 INFO sqlalchemy.engine.Engine [raw sql] ()
2026-06-16 17:32:37,673 INFO sqlalchemy.engine.Engine select current_schema()
2026-06-16 17:32:37,673 INFO sqlalchemy.engine.Engine [raw sql] ()
2026-06-16 17:32:37,675 INFO sqlalchemy.engine.Engine show standard_conforming_strings
2026-06-16 17:32:37,675 INFO sqlalchemy.engine.Engine [raw sql] ()
2026-06-16 17:32:37,677 INFO sqlalchemy.engine.Engine BEGIN (implicit)
2026-06-16 17:32:37,691 INFO sqlalchemy.engine.Engine SELECT accounts.id, accounts.insta_id, accounts.full_name, accounts.photo_url, accounts.username, accounts.password, accounts.has_error, accounts.created_at, accounts.updated_at, accounts.proxy_url, accounts.is_active, accounts.ai_model_id, accounts.folder_id, accounts.profile_id, accounts.information 
FROM accounts 
WHERE accounts.id = $1::BIGINT
2026-06-16 17:32:37,691 INFO sqlalchemy.engine.Engine [generated in 0.00018s] (14,)
2026-06-16 17:32:37,695 INFO sqlalchemy.engine.Engine ROLLBACK
PORT 62751
CONNECTED ON 62751 PORT
2026-06-16 17:32:53,668 INFO sqlalchemy.engine.Engine BEGIN (implicit)
2026-06-16 17:32:53,670 INFO sqlalchemy.engine.Engine SELECT accounts.id, accounts.insta_id, accounts.full_name, accounts.photo_url, accounts.username, accounts.password, accounts.has_error, accounts.created_at, accounts.updated_at, accounts.proxy_url, accounts.is_active, accounts.ai_model_id, accounts.folder_id, accounts.profile_id, accounts.information 
FROM accounts 
WHERE accounts.id = $1::BIGINT
2026-06-16 17:32:53,670 INFO sqlalchemy.engine.Engine [cached since 15.98s ago] (14,)
2026-06-16 17:32:53,681 INFO sqlalchemy.engine.Engine ROLLBACK
TASK TRY SEND MESSAGE ✅
2026-06-16 17:34:10,838 INFO sqlalchemy.engine.Engine BEGIN (implicit)
2026-06-16 17:34:10,840 INFO sqlalchemy.engine.Engine SELECT accounts.id, accounts.insta_id, accounts.full_name, accounts.photo_url, accounts.username, accounts.password, accounts.has_error, accounts.created_at, accounts.updated_at, accounts.proxy_url, accounts.is_active, accounts.ai_model_id, accounts.folder_id, accounts.profile_id, accounts.information 
FROM accounts 
WHERE accounts.is_active = true AND accounts.id = $1::BIGINT
2026-06-16 17:34:10,841 INFO sqlalchemy.engine.Engine [generated in 0.00039s] (14,)
2026-06-16 17:34:10,848 INFO sqlalchemy.engine.Engine ROLLBACK
2026-06-16 17:34:10,862 INFO sqlalchemy.engine.Engine BEGIN (implicit)
2026-06-16 17:34:10,868 INFO sqlalchemy.engine.Engine SELECT messages.id, messages.created_at, messages.updated_at, messages.text, messages.sender, messages.status, messages.translated_text, messages.thread_id 
FROM messages 
WHERE messages.id = $1::BIGINT
2026-06-16 17:34:10,868 INFO sqlalchemy.engine.Engine [generated in 0.00037s] (912,)
2026-06-16 17:34:10,882 INFO sqlalchemy.engine.Engine SELECT threads.id AS threads_id, (SELECT count(messages.id) AS count_1 
FROM messages 
WHERE messages.thread_id = threads.id AND messages.status = $1::VARCHAR) AS anon_1, threads.thread_id AS threads_thread_id, threads.timestamp_last_seen_message AS threads_timestamp_last_seen_message, threads.last_message_id AS threads_last_message_id, threads.context AS threads_context, threads.account_id AS threads_account_id, threads.is_approved AS threads_is_approved, threads.insta_user_id AS threads_insta_user_id, threads.is_unread AS threads_is_unread, threads.user_information AS threads_user_information, threads.color_level AS threads_color_level 
FROM threads 
WHERE threads.id IN ($2::INTEGER)
2026-06-16 17:34:10,882 INFO sqlalchemy.engine.Engine [generated in 0.00043s] (<MessageStatusEnum.PENDING: 'pending'>, 99)
2026-06-16 17:34:10,889 INFO sqlalchemy.engine.Engine SELECT attachments.message_id AS attachments_message_id, attachments.id AS attachments_id, attachments.media_type AS attachments_media_type, attachments.media_url AS attachments_media_url 
FROM attachments 
WHERE attachments.message_id IN ($1::BIGINT)
2026-06-16 17:34:10,890 INFO sqlalchemy.engine.Engine [generated in 0.00043s] (912,)
{'success': True, 'profile_id': '4bff709f-2157-4011-97c9-08976ff5dd36', 'folder_id': 'dbb942b0-3068-4fbd-b2fd-1faeeb7fbb1e', 'port': 62787}
PORT 62787
2026-06-16 17:34:23,136 INFO sqlalchemy.engine.Engine SELECT EXISTS (SELECT * 
FROM messages 
WHERE messages.thread_id = $1::BIGINT AND messages.created_at > $2::TIMESTAMP WITH TIME ZONE) AS anon_1
2026-06-16 17:34:23,136 INFO sqlalchemy.engine.Engine [generated in 0.00042s] (99, datetime.datetime(2026, 6, 16, 10, 33, 55, 382234, tzinfo=datetime.timezone.utc))
CONNECTED ON 62787 PORT
Locator.click: Timeout 30000ms exceeded.
Call log:
  - waiting for locator("div[role=\"textbox\"]").last
    - locator resolved to <div tabindex="0" role="textbox" spellcheck="false" contenteditable="true" data-lexical-editor="true" data-focus-visible-added="" aria-placeholder="ส่งข้อความ..." class="xzsf02u x1a2a7pz x1n2onr6 x14wi4xw notranslate focus-visible">…</div>
  - attempting click action
    2 × waiting for element to be visible, enabled and stable
      - element is visible, enabled and stable
      - scrolling into view if needed
      - done scrolling
      - <div class="x1qjc9v5 x9f619 x78zum5 xdt5ytf x1iyjqo2 xl56j7k">…</div> from <div class="x1n2onr6 xzkaem6">…</div> subtree intercepts pointer events
    - retrying click action
    - waiting 20ms
    2 × waiting for element to be visible, enabled and stable
      - element is visible, enabled and stable
      - scrolling into view if needed
      - done scrolling
      - <div class="x1qjc9v5 x9f619 x78zum5 xdt5ytf x1iyjqo2 xl56j7k">…</div> from <div class="x1n2onr6 xzkaem6">…</div> subtree intercepts pointer events
    - retrying click action
      - waiting 100ms
    56 × waiting for element to be visible, enabled and stable
       - element is visible, enabled and stable
       - scrolling into view if needed
       - done scrolling
       - <div class="x1qjc9v5 x9f619 x78zum5 xdt5ytf x1iyjqo2 xl56j7k">…</div> from <div class="x1n2onr6 xzkaem6">…</div> subtree intercepts pointer events
     - retrying click action
       - waiting 500ms

STOPPED PROFILE {'success': True, 'profile_id': '4bff709f-2157-4011-97c9-08976ff5dd36', 'folder_id': 'dbb942b0-3068-4fbd-b2fd-1faeeb7fbb1e'}
2026-06-16 17:35:07,996 INFO sqlalchemy.engine.Engine ROLLBACK
2026-06-16 17:36:18,131 INFO sqlalchemy.engine.Engine BEGIN (implicit)
2026-06-16 17:36:18,132 INFO sqlalchemy.engine.Engine SELECT accounts.id, accounts.insta_id, accounts.full_name, accounts.photo_url, accounts.username, accounts.password, accounts.has_error, accounts.created_at, accounts.updated_at, accounts.proxy_url, accounts.is_active, accounts.ai_model_id, accounts.folder_id, accounts.profile_id, accounts.information 
FROM accounts 
WHERE accounts.id = $1::BIGINT
2026-06-16 17:36:18,132 INFO sqlalchemy.engine.Engine [cached since 220.4s ago] (14,)
2026-06-16 17:36:18,136 INFO sqlalchemy.engine.Engine ROLLBACK
PORT 62902
2026-06-16 17:36:54,709 INFO sqlalchemy.engine.Engine BEGIN (implicit)
2026-06-16 17:36:54,709 INFO sqlalchemy.engine.Engine SELECT accounts.id, accounts.insta_id, accounts.full_name, accounts.photo_url, accounts.username, accounts.password, accounts.has_error, accounts.created_at, accounts.updated_at, accounts.proxy_url, accounts.is_active, accounts.ai_model_id, accounts.folder_id, accounts.profile_id, accounts.information 
FROM accounts 
WHERE accounts.id = $1::BIGINT
2026-06-16 17:36:54,710 INFO sqlalchemy.engine.Engine [cached since 257s ago] (14,)
2026-06-16 17:36:54,712 INFO sqlalchemy.engine.Engine ROLLBACK
2026-06-16 17:37:00,727 INFO sqlalchemy.engine.Engine BEGIN (implicit)
2026-06-16 17:37:00,728 INFO sqlalchemy.engine.Engine SELECT accounts.id, accounts.insta_id, accounts.full_name, accounts.photo_url, accounts.username, accounts.password, accounts.has_error, accounts.created_at, accounts.updated_at, accounts.proxy_url, accounts.is_active, accounts.ai_model_id, accounts.folder_id, accounts.profile_id, accounts.information 
FROM accounts 
WHERE accounts.id = $1::BIGINT
2026-06-16 17:37:00,728 INFO sqlalchemy.engine.Engine [cached since 263s ago] (14,)
2026-06-16 17:37:00,734 INFO sqlalchemy.engine.Engine ROLLBACK
PORT 62926
2026-06-16 17:39:10,029 INFO sqlalchemy.engine.Engine BEGIN (implicit)
2026-06-16 17:39:10,031 INFO sqlalchemy.engine.Engine SELECT accounts.id, accounts.insta_id, accounts.full_name, accounts.photo_url, accounts.username, accounts.password, accounts.has_error, accounts.created_at, accounts.updated_at, accounts.proxy_url, accounts.is_active, accounts.ai_model_id, accounts.folder_id, accounts.profile_id, accounts.information 
FROM accounts 
WHERE accounts.id = $1::BIGINT
2026-06-16 17:39:10,031 INFO sqlalchemy.engine.Engine [cached since 392.3s ago] (14,)
2026-06-16 17:39:10,035 INFO sqlalchemy.engine.Engine ROLLBACK
2026-06-16 17:39:16,542 INFO sqlalchemy.engine.Engine BEGIN (implicit)
2026-06-16 17:39:16,542 INFO sqlalchemy.engine.Engine SELECT accounts.id, accounts.insta_id, accounts.full_name, accounts.photo_url, accounts.username, accounts.password, accounts.has_error, accounts.created_at, accounts.updated_at, accounts.proxy_url, accounts.is_active, accounts.ai_model_id, accounts.folder_id, accounts.profile_id, accounts.information 
FROM accounts 
WHERE accounts.id = $1::BIGINT
2026-06-16 17:39:16,542 INFO sqlalchemy.engine.Engine [cached since 398.9s ago] (14,)
2026-06-16 17:39:16,545 INFO sqlalchemy.engine.Engine ROLLBACK
PORT 62963
Worker for send messages is shutting down...
Worker for send messages is starting up...
2026-06-16 17:42:05,681 INFO sqlalchemy.engine.Engine select pg_catalog.version()
2026-06-16 17:42:05,681 INFO sqlalchemy.engine.Engine [raw sql] ()
2026-06-16 17:42:05,685 INFO sqlalchemy.engine.Engine select current_schema()
2026-06-16 17:42:05,685 INFO sqlalchemy.engine.Engine [raw sql] ()
2026-06-16 17:42:05,687 INFO sqlalchemy.engine.Engine show standard_conforming_strings
2026-06-16 17:42:05,688 INFO sqlalchemy.engine.Engine [raw sql] ()
2026-06-16 17:42:05,689 INFO sqlalchemy.engine.Engine BEGIN (implicit)
2026-06-16 17:42:05,703 INFO sqlalchemy.engine.Engine SELECT accounts.id, accounts.insta_id, accounts.full_name, accounts.photo_url, accounts.username, accounts.password, accounts.has_error, accounts.created_at, accounts.updated_at, accounts.proxy_url, accounts.is_active, accounts.ai_model_id, accounts.folder_id, accounts.profile_id, accounts.information 
FROM accounts 
WHERE accounts.id = $1::BIGINT
2026-06-16 17:42:05,703 INFO sqlalchemy.engine.Engine [generated in 0.00014s] (14,)
2026-06-16 17:42:05,710 INFO sqlalchemy.engine.Engine ROLLBACK
2026-06-16 17:42:10,134 INFO sqlalchemy.engine.Engine BEGIN (implicit)
2026-06-16 17:42:10,135 INFO sqlalchemy.engine.Engine SELECT accounts.id, accounts.insta_id, accounts.full_name, accounts.photo_url, accounts.username, accounts.password, accounts.has_error, accounts.created_at, accounts.updated_at, accounts.proxy_url, accounts.is_active, accounts.ai_model_id, accounts.folder_id, accounts.profile_id, accounts.information 
FROM accounts 
WHERE accounts.id = $1::BIGINT
2026-06-16 17:42:10,135 INFO sqlalchemy.engine.Engine [cached since 4.432s ago] (14,)
2026-06-16 17:42:10,141 INFO sqlalchemy.engine.Engine ROLLBACK
PORT 63014
here 22!!!!!  
CONNECTED ON 63014 PORT
Worker for send messages is shutting down...
Worker for send messages is starting up...
2026-06-16 17:50:28,814 INFO sqlalchemy.engine.Engine select pg_catalog.version()
2026-06-16 17:50:28,814 INFO sqlalchemy.engine.Engine [raw sql] ()
2026-06-16 17:50:28,818 INFO sqlalchemy.engine.Engine select current_schema()
2026-06-16 17:50:28,818 INFO sqlalchemy.engine.Engine [raw sql] ()
2026-06-16 17:50:28,820 INFO sqlalchemy.engine.Engine show standard_conforming_strings
2026-06-16 17:50:28,820 INFO sqlalchemy.engine.Engine [raw sql] ()
2026-06-16 17:50:28,822 INFO sqlalchemy.engine.Engine BEGIN (implicit)
2026-06-16 17:50:28,837 INFO sqlalchemy.engine.Engine SELECT accounts.id, accounts.insta_id, accounts.full_name, accounts.photo_url, accounts.username, accounts.password, accounts.has_error, accounts.created_at, accounts.updated_at, accounts.proxy_url, accounts.is_active, accounts.ai_model_id, accounts.folder_id, accounts.profile_id, accounts.information 
FROM accounts 
WHERE accounts.id = $1::BIGINT
2026-06-16 17:50:28,837 INFO sqlalchemy.engine.Engine [generated in 0.00025s] (14,)
2026-06-16 17:50:28,842 INFO sqlalchemy.engine.Engine ROLLBACK
TASK TRY SEND MESSAGE ✅
2026-06-16 17:50:48,792 INFO sqlalchemy.engine.Engine BEGIN (implicit)
2026-06-16 17:50:48,795 INFO sqlalchemy.engine.Engine SELECT accounts.id, accounts.insta_id, accounts.full_name, accounts.photo_url, accounts.username, accounts.password, accounts.has_error, accounts.created_at, accounts.updated_at, accounts.proxy_url, accounts.is_active, accounts.ai_model_id, accounts.folder_id, accounts.profile_id, accounts.information 
FROM accounts 
WHERE accounts.is_active = true AND accounts.id = $1::BIGINT
2026-06-16 17:50:48,796 INFO sqlalchemy.engine.Engine [generated in 0.00065s] (14,)
2026-06-16 17:50:48,802 INFO sqlalchemy.engine.Engine ROLLBACK
2026-06-16 17:50:48,814 INFO sqlalchemy.engine.Engine BEGIN (implicit)
2026-06-16 17:50:48,817 INFO sqlalchemy.engine.Engine SELECT messages.id, messages.created_at, messages.updated_at, messages.text, messages.sender, messages.status, messages.translated_text, messages.thread_id 
FROM messages 
WHERE messages.id = $1::BIGINT
2026-06-16 17:50:48,817 INFO sqlalchemy.engine.Engine [generated in 0.00036s] (912,)
2026-06-16 17:50:48,826 INFO sqlalchemy.engine.Engine SELECT threads.id AS threads_id, (SELECT count(messages.id) AS count_1 
FROM messages 
WHERE messages.thread_id = threads.id AND messages.status = $1::VARCHAR) AS anon_1, threads.thread_id AS threads_thread_id, threads.timestamp_last_seen_message AS threads_timestamp_last_seen_message, threads.last_message_id AS threads_last_message_id, threads.context AS threads_context, threads.account_id AS threads_account_id, threads.is_approved AS threads_is_approved, threads.insta_user_id AS threads_insta_user_id, threads.is_unread AS threads_is_unread, threads.user_information AS threads_user_information, threads.color_level AS threads_color_level 
FROM threads 
WHERE threads.id IN ($2::INTEGER)
2026-06-16 17:50:48,827 INFO sqlalchemy.engine.Engine [generated in 0.00071s] (<MessageStatusEnum.PENDING: 'pending'>, 99)
2026-06-16 17:50:48,835 INFO sqlalchemy.engine.Engine SELECT attachments.message_id AS attachments_message_id, attachments.id AS attachments_id, attachments.media_type AS attachments_media_type, attachments.media_url AS attachments_media_url 
FROM attachments 
WHERE attachments.message_id IN ($1::BIGINT)
2026-06-16 17:50:48,835 INFO sqlalchemy.engine.Engine [generated in 0.00059s] (912,)
{'success': True, 'profile_id': '4bff709f-2157-4011-97c9-08976ff5dd36', 'folder_id': 'dbb942b0-3068-4fbd-b2fd-1faeeb7fbb1e', 'port': 65050}
PORT 65050
2026-06-16 17:51:00,696 INFO sqlalchemy.engine.Engine SELECT EXISTS (SELECT * 
FROM messages 
WHERE messages.thread_id = $1::BIGINT AND messages.created_at > $2::TIMESTAMP WITH TIME ZONE) AS anon_1
2026-06-16 17:51:00,696 INFO sqlalchemy.engine.Engine [generated in 0.00133s] (99, datetime.datetime(2026, 6, 16, 10, 33, 55, 382234, tzinfo=datetime.timezone.utc))
CONNECTED ON 65050 PORT
Notifications popup dismissed (ไม่ใช่ตอนนี้)
текст отправлен
2026-06-16 17:51:10,093 INFO sqlalchemy.engine.Engine UPDATE threads SET timestamp_last_seen_message=$1::TIMESTAMP WITH TIME ZONE WHERE threads.id = $2::INTEGER
2026-06-16 17:51:10,094 INFO sqlalchemy.engine.Engine [generated in 0.00085s] (datetime.datetime(2026, 6, 16, 10, 51, 10, 86316, tzinfo=datetime.timezone.utc), 99)
2026-06-16 17:51:10,102 INFO sqlalchemy.engine.Engine UPDATE messages SET created_at=$1::TIMESTAMP WITH TIME ZONE, updated_at=$2::TIMESTAMP WITH TIME ZONE, status=$3::VARCHAR WHERE messages.id = $4::BIGINT
2026-06-16 17:51:10,102 INFO sqlalchemy.engine.Engine [generated in 0.00040s] (datetime.datetime(2026, 6, 16, 10, 51, 10, 86316, tzinfo=datetime.timezone.utc), datetime.datetime(2026, 6, 16, 10, 51, 10, 86316, tzinfo=datetime.timezone.utc), 'approved', 912)
2026-06-16 17:51:10,106 INFO sqlalchemy.engine.Engine COMMIT
STOPPED PROFILE {'success': True, 'profile_id': '4bff709f-2157-4011-97c9-08976ff5dd36', 'folder_id': 'dbb942b0-3068-4fbd-b2fd-1faeeb7fbb1e'}
Worker for send messages is shutting down...
Worker for send messages is starting up...
2026-06-17 11:27:01,883 INFO sqlalchemy.engine.Engine select pg_catalog.version()
2026-06-17 11:27:01,883 INFO sqlalchemy.engine.Engine [raw sql] ()
2026-06-17 11:27:01,885 INFO sqlalchemy.engine.Engine select current_schema()
2026-06-17 11:27:01,885 INFO sqlalchemy.engine.Engine [raw sql] ()
2026-06-17 11:27:01,886 INFO sqlalchemy.engine.Engine show standard_conforming_strings
2026-06-17 11:27:01,886 INFO sqlalchemy.engine.Engine [raw sql] ()
2026-06-17 11:27:01,886 INFO sqlalchemy.engine.Engine BEGIN (implicit)
2026-06-17 11:27:01,892 INFO sqlalchemy.engine.Engine SELECT accounts.id, accounts.insta_id, accounts.full_name, accounts.photo_url, accounts.username, accounts.password, accounts.has_error, accounts.created_at, accounts.updated_at, accounts.proxy_url, accounts.is_active, accounts.ai_model_id, accounts.folder_id, accounts.profile_id, accounts.information 
FROM accounts 
WHERE accounts.id = $1::BIGINT
2026-06-17 11:27:01,892 INFO sqlalchemy.engine.Engine [generated in 0.00007s] (15,)
2026-06-17 11:27:01,893 INFO sqlalchemy.engine.Engine ROLLBACK
Worker for send messages is shutting down...
Worker for send messages is starting up...
TASK TRY SEND MESSAGE ✅
2026-06-17 11:31:21,849 INFO sqlalchemy.engine.Engine select pg_catalog.version()
2026-06-17 11:31:21,850 INFO sqlalchemy.engine.Engine [raw sql] ()
2026-06-17 11:31:21,854 INFO sqlalchemy.engine.Engine select current_schema()
2026-06-17 11:31:21,854 INFO sqlalchemy.engine.Engine [raw sql] ()
2026-06-17 11:31:21,857 INFO sqlalchemy.engine.Engine show standard_conforming_strings
2026-06-17 11:31:21,858 INFO sqlalchemy.engine.Engine [raw sql] ()
2026-06-17 11:31:21,860 INFO sqlalchemy.engine.Engine BEGIN (implicit)
2026-06-17 11:31:21,878 INFO sqlalchemy.engine.Engine SELECT accounts.id, accounts.insta_id, accounts.full_name, accounts.photo_url, accounts.username, accounts.password, accounts.has_error, accounts.created_at, accounts.updated_at, accounts.proxy_url, accounts.is_active, accounts.ai_model_id, accounts.folder_id, accounts.profile_id, accounts.information 
FROM accounts 
WHERE accounts.is_active = true AND accounts.id = $1::BIGINT
2026-06-17 11:31:21,878 INFO sqlalchemy.engine.Engine [generated in 0.00022s] (15,)
2026-06-17 11:31:21,884 INFO sqlalchemy.engine.Engine ROLLBACK
2026-06-17 11:31:21,892 INFO sqlalchemy.engine.Engine BEGIN (implicit)
2026-06-17 11:31:21,894 INFO sqlalchemy.engine.Engine SELECT messages.id, messages.created_at, messages.updated_at, messages.text, messages.sender, messages.status, messages.translated_text, messages.thread_id 
FROM messages 
WHERE messages.id = $1::BIGINT
2026-06-17 11:31:21,894 INFO sqlalchemy.engine.Engine [generated in 0.00012s] (945,)
2026-06-17 11:31:21,900 INFO sqlalchemy.engine.Engine SELECT attachments.message_id AS attachments_message_id, attachments.id AS attachments_id, attachments.media_type AS attachments_media_type, attachments.media_url AS attachments_media_url 
FROM attachments 
WHERE attachments.message_id IN ($1::BIGINT)
2026-06-17 11:31:21,900 INFO sqlalchemy.engine.Engine [generated in 0.00015s] (945,)
2026-06-17 11:31:21,904 INFO sqlalchemy.engine.Engine SELECT threads.id AS threads_id, (SELECT count(messages.id) AS count_1 
FROM messages 
WHERE messages.thread_id = threads.id AND messages.status = $1::VARCHAR) AS anon_1, threads.thread_id AS threads_thread_id, threads.timestamp_last_seen_message AS threads_timestamp_last_seen_message, threads.last_message_id AS threads_last_message_id, threads.context AS threads_context, threads.account_id AS threads_account_id, threads.is_approved AS threads_is_approved, threads.insta_user_id AS threads_insta_user_id, threads.is_unread AS threads_is_unread, threads.user_information AS threads_user_information, threads.color_level AS threads_color_level 
FROM threads 
WHERE threads.id IN ($2::INTEGER)
2026-06-17 11:31:21,904 INFO sqlalchemy.engine.Engine [generated in 0.00019s] (<MessageStatusEnum.PENDING: 'pending'>, 104)
{'success': True, 'profile_id': '4bff709f-2157-4011-97c9-08976ff5dd36', 'folder_id': 'dbb942b0-3068-4fbd-b2fd-1faeeb7fbb1e', 'port': 51322}
PORT 51322
2026-06-17 11:31:33,999 INFO sqlalchemy.engine.Engine SELECT EXISTS (SELECT * 
FROM messages 
WHERE messages.thread_id = $1::BIGINT AND messages.created_at > $2::TIMESTAMP WITH TIME ZONE) AS anon_1
2026-06-17 11:31:34,000 INFO sqlalchemy.engine.Engine [generated in 0.00071s] (104, datetime.datetime(2026, 6, 17, 4, 31, 13, 477329, tzinfo=datetime.timezone.utc))
CONNECTED ON 51322 PORT
ERROR WITH TRY SEND MESSAGE [Errno 2] No such file or directory: './media/b47e2efb-cc5e-4e51-bd53-45d9fbce2d50.JPG'
STOPPED PROFILE {'success': True, 'profile_id': '4bff709f-2157-4011-97c9-08976ff5dd36', 'folder_id': 'dbb942b0-3068-4fbd-b2fd-1faeeb7fbb1e'}
2026-06-17 11:31:48,999 INFO sqlalchemy.engine.Engine ROLLBACK
Worker for send messages is shutting down...
Worker for send messages is starting up...
TASK TRY SEND MESSAGE ✅
2026-06-17 11:37:13,789 INFO sqlalchemy.engine.Engine select pg_catalog.version()
2026-06-17 11:37:13,790 INFO sqlalchemy.engine.Engine [raw sql] ()
2026-06-17 11:37:13,792 INFO sqlalchemy.engine.Engine select current_schema()
2026-06-17 11:37:13,792 INFO sqlalchemy.engine.Engine [raw sql] ()
2026-06-17 11:37:13,796 INFO sqlalchemy.engine.Engine show standard_conforming_strings
2026-06-17 11:37:13,796 INFO sqlalchemy.engine.Engine [raw sql] ()
2026-06-17 11:37:13,798 INFO sqlalchemy.engine.Engine BEGIN (implicit)
2026-06-17 11:37:13,811 INFO sqlalchemy.engine.Engine SELECT accounts.id, accounts.insta_id, accounts.full_name, accounts.photo_url, accounts.username, accounts.password, accounts.has_error, accounts.created_at, accounts.updated_at, accounts.proxy_url, accounts.is_active, accounts.ai_model_id, accounts.folder_id, accounts.profile_id, accounts.information 
FROM accounts 
WHERE accounts.is_active = true AND accounts.id = $1::BIGINT
2026-06-17 11:37:13,811 INFO sqlalchemy.engine.Engine [generated in 0.00017s] (15,)
2026-06-17 11:37:13,816 INFO sqlalchemy.engine.Engine ROLLBACK
2026-06-17 11:37:13,823 INFO sqlalchemy.engine.Engine BEGIN (implicit)
2026-06-17 11:37:13,825 INFO sqlalchemy.engine.Engine SELECT messages.id, messages.created_at, messages.updated_at, messages.text, messages.sender, messages.status, messages.translated_text, messages.thread_id 
FROM messages 
WHERE messages.id = $1::BIGINT
2026-06-17 11:37:13,825 INFO sqlalchemy.engine.Engine [generated in 0.00012s] (945,)
2026-06-17 11:37:13,831 INFO sqlalchemy.engine.Engine SELECT attachments.message_id AS attachments_message_id, attachments.id AS attachments_id, attachments.media_type AS attachments_media_type, attachments.media_url AS attachments_media_url 
FROM attachments 
WHERE attachments.message_id IN ($1::BIGINT)
2026-06-17 11:37:13,831 INFO sqlalchemy.engine.Engine [generated in 0.00018s] (945,)
2026-06-17 11:37:13,835 INFO sqlalchemy.engine.Engine SELECT threads.id AS threads_id, (SELECT count(messages.id) AS count_1 
FROM messages 
WHERE messages.thread_id = threads.id AND messages.status = $1::VARCHAR) AS anon_1, threads.thread_id AS threads_thread_id, threads.timestamp_last_seen_message AS threads_timestamp_last_seen_message, threads.last_message_id AS threads_last_message_id, threads.context AS threads_context, threads.account_id AS threads_account_id, threads.is_approved AS threads_is_approved, threads.insta_user_id AS threads_insta_user_id, threads.is_unread AS threads_is_unread, threads.user_information AS threads_user_information, threads.color_level AS threads_color_level 
FROM threads 
WHERE threads.id IN ($2::INTEGER)
2026-06-17 11:37:13,835 INFO sqlalchemy.engine.Engine [generated in 0.00020s] (<MessageStatusEnum.PENDING: 'pending'>, 104)
{'success': True, 'profile_id': '4bff709f-2157-4011-97c9-08976ff5dd36', 'folder_id': 'dbb942b0-3068-4fbd-b2fd-1faeeb7fbb1e', 'port': 51385}
PORT 51385
2026-06-17 11:37:26,255 INFO sqlalchemy.engine.Engine SELECT EXISTS (SELECT * 
FROM messages 
WHERE messages.thread_id = $1::BIGINT AND messages.created_at > $2::TIMESTAMP WITH TIME ZONE) AS anon_1
2026-06-17 11:37:26,256 INFO sqlalchemy.engine.Engine [generated in 0.00135s] (104, datetime.datetime(2026, 6, 17, 4, 31, 13, 477329, tzinfo=datetime.timezone.utc))
CONNECTED ON 51385 PORT
ERROR WITH TRY SEND MESSAGE [Errno 2] No such file or directory: '/Users/skxnny/ai_media/media/b47e2efb-cc5e-4e51-bd53-45d9fbce2d50.JPG'
STOPPED PROFILE {'success': True, 'profile_id': '4bff709f-2157-4011-97c9-08976ff5dd36', 'folder_id': 'dbb942b0-3068-4fbd-b2fd-1faeeb7fbb1e'}
2026-06-17 11:37:41,262 INFO sqlalchemy.engine.Engine ROLLBACK
Worker for send messages is shutting down...
Worker for send messages is starting up...
TASK TRY SEND MESSAGE ✅
2026-06-17 11:40:19,623 INFO sqlalchemy.engine.Engine select pg_catalog.version()
2026-06-17 11:40:19,623 INFO sqlalchemy.engine.Engine [raw sql] ()
2026-06-17 11:40:19,628 INFO sqlalchemy.engine.Engine select current_schema()
2026-06-17 11:40:19,628 INFO sqlalchemy.engine.Engine [raw sql] ()
2026-06-17 11:40:19,632 INFO sqlalchemy.engine.Engine show standard_conforming_strings
2026-06-17 11:40:19,632 INFO sqlalchemy.engine.Engine [raw sql] ()
2026-06-17 11:40:19,634 INFO sqlalchemy.engine.Engine BEGIN (implicit)
2026-06-17 11:40:19,652 INFO sqlalchemy.engine.Engine SELECT accounts.id, accounts.insta_id, accounts.full_name, accounts.photo_url, accounts.username, accounts.password, accounts.has_error, accounts.created_at, accounts.updated_at, accounts.proxy_url, accounts.is_active, accounts.ai_model_id, accounts.folder_id, accounts.profile_id, accounts.information 
FROM accounts 
WHERE accounts.is_active = true AND accounts.id = $1::BIGINT
2026-06-17 11:40:19,652 INFO sqlalchemy.engine.Engine [generated in 0.00034s] (15,)
2026-06-17 11:40:19,658 INFO sqlalchemy.engine.Engine ROLLBACK
2026-06-17 11:40:19,667 INFO sqlalchemy.engine.Engine BEGIN (implicit)
2026-06-17 11:40:19,669 INFO sqlalchemy.engine.Engine SELECT messages.id, messages.created_at, messages.updated_at, messages.text, messages.sender, messages.status, messages.translated_text, messages.thread_id 
FROM messages 
WHERE messages.id = $1::BIGINT
2026-06-17 11:40:19,669 INFO sqlalchemy.engine.Engine [generated in 0.00016s] (945,)
2026-06-17 11:40:19,675 INFO sqlalchemy.engine.Engine SELECT attachments.message_id AS attachments_message_id, attachments.id AS attachments_id, attachments.media_type AS attachments_media_type, attachments.media_url AS attachments_media_url 
FROM attachments 
WHERE attachments.message_id IN ($1::BIGINT)
2026-06-17 11:40:19,675 INFO sqlalchemy.engine.Engine [generated in 0.00018s] (945,)
2026-06-17 11:40:19,681 INFO sqlalchemy.engine.Engine SELECT threads.id AS threads_id, (SELECT count(messages.id) AS count_1 
FROM messages 
WHERE messages.thread_id = threads.id AND messages.status = $1::VARCHAR) AS anon_1, threads.thread_id AS threads_thread_id, threads.timestamp_last_seen_message AS threads_timestamp_last_seen_message, threads.last_message_id AS threads_last_message_id, threads.context AS threads_context, threads.account_id AS threads_account_id, threads.is_approved AS threads_is_approved, threads.insta_user_id AS threads_insta_user_id, threads.is_unread AS threads_is_unread, threads.user_information AS threads_user_information, threads.color_level AS threads_color_level 
FROM threads 
WHERE threads.id IN ($2::INTEGER)
2026-06-17 11:40:19,681 INFO sqlalchemy.engine.Engine [generated in 0.00024s] (<MessageStatusEnum.PENDING: 'pending'>, 104)
{'success': True, 'profile_id': '4bff709f-2157-4011-97c9-08976ff5dd36', 'folder_id': 'dbb942b0-3068-4fbd-b2fd-1faeeb7fbb1e', 'port': 51430}
PORT 51430
2026-06-17 11:40:32,396 INFO sqlalchemy.engine.Engine SELECT EXISTS (SELECT * 
FROM messages 
WHERE messages.thread_id = $1::BIGINT AND messages.created_at > $2::TIMESTAMP WITH TIME ZONE) AS anon_1
2026-06-17 11:40:32,396 INFO sqlalchemy.engine.Engine [generated in 0.00140s] (104, datetime.datetime(2026, 6, 17, 4, 31, 13, 477329, tzinfo=datetime.timezone.utc))
CONNECTED ON 51430 PORT
фото отправлено
2026-06-17 11:40:40,015 INFO sqlalchemy.engine.Engine UPDATE threads SET timestamp_last_seen_message=$1::TIMESTAMP WITH TIME ZONE WHERE threads.id = $2::INTEGER
2026-06-17 11:40:40,016 INFO sqlalchemy.engine.Engine [generated in 0.00070s] (datetime.datetime(2026, 6, 17, 4, 40, 40, 10087, tzinfo=datetime.timezone.utc), 104)
2026-06-17 11:40:40,022 INFO sqlalchemy.engine.Engine UPDATE messages SET created_at=$1::TIMESTAMP WITH TIME ZONE, updated_at=$2::TIMESTAMP WITH TIME ZONE, status=$3::VARCHAR WHERE messages.id = $4::BIGINT
2026-06-17 11:40:40,022 INFO sqlalchemy.engine.Engine [generated in 0.00020s] (datetime.datetime(2026, 6, 17, 4, 40, 40, 10087, tzinfo=datetime.timezone.utc), datetime.datetime(2026, 6, 17, 4, 40, 40, 10087, tzinfo=datetime.timezone.utc), 'approved', 945)
2026-06-17 11:40:40,026 INFO sqlalchemy.engine.Engine COMMIT
STOPPED PROFILE {'success': True, 'profile_id': '4bff709f-2157-4011-97c9-08976ff5dd36', 'folder_id': 'dbb942b0-3068-4fbd-b2fd-1faeeb7fbb1e'}
Worker for send messages is shutting down...
Worker for send messages is starting up...
TASK TRY SEND MESSAGE ✅
2026-06-17 14:20:24,281 INFO sqlalchemy.engine.Engine select pg_catalog.version()
2026-06-17 14:20:24,281 INFO sqlalchemy.engine.Engine [raw sql] ()
2026-06-17 14:20:24,287 INFO sqlalchemy.engine.Engine select current_schema()
2026-06-17 14:20:24,287 INFO sqlalchemy.engine.Engine [raw sql] ()
2026-06-17 14:20:24,290 INFO sqlalchemy.engine.Engine show standard_conforming_strings
2026-06-17 14:20:24,290 INFO sqlalchemy.engine.Engine [raw sql] ()
2026-06-17 14:20:24,293 INFO sqlalchemy.engine.Engine BEGIN (implicit)
2026-06-17 14:20:24,309 INFO sqlalchemy.engine.Engine SELECT accounts.id, accounts.insta_id, accounts.full_name, accounts.photo_url, accounts.username, accounts.password, accounts.has_error, accounts.created_at, accounts.updated_at, accounts.proxy_url, accounts.is_active, accounts.ai_model_id, accounts.folder_id, accounts.profile_id, accounts.information 
FROM accounts 
WHERE accounts.is_active = true AND accounts.id = $1::BIGINT
2026-06-17 14:20:24,309 INFO sqlalchemy.engine.Engine [generated in 0.00025s] (16,)
2026-06-17 14:20:24,316 INFO sqlalchemy.engine.Engine ROLLBACK
2026-06-17 14:20:24,324 INFO sqlalchemy.engine.Engine BEGIN (implicit)
2026-06-17 14:20:24,326 INFO sqlalchemy.engine.Engine SELECT messages.id, messages.created_at, messages.updated_at, messages.text, messages.sender, messages.status, messages.translated_text, messages.thread_id 
FROM messages 
WHERE messages.id = $1::BIGINT
2026-06-17 14:20:24,326 INFO sqlalchemy.engine.Engine [generated in 0.00015s] (977,)
2026-06-17 14:20:24,330 INFO sqlalchemy.engine.Engine SELECT attachments.message_id AS attachments_message_id, attachments.id AS attachments_id, attachments.media_type AS attachments_media_type, attachments.media_url AS attachments_media_url 
FROM attachments 
WHERE attachments.message_id IN ($1::BIGINT)
2026-06-17 14:20:24,331 INFO sqlalchemy.engine.Engine [generated in 0.00019s] (977,)
2026-06-17 14:20:24,335 INFO sqlalchemy.engine.Engine SELECT threads.id AS threads_id, (SELECT count(messages.id) AS count_1 
FROM messages 
WHERE messages.thread_id = threads.id AND messages.status = $1::VARCHAR) AS anon_1, threads.thread_id AS threads_thread_id, threads.timestamp_last_seen_message AS threads_timestamp_last_seen_message, threads.last_message_id AS threads_last_message_id, threads.context AS threads_context, threads.account_id AS threads_account_id, threads.is_approved AS threads_is_approved, threads.insta_user_id AS threads_insta_user_id, threads.is_unread AS threads_is_unread, threads.user_information AS threads_user_information, threads.color_level AS threads_color_level 
FROM threads 
WHERE threads.id IN ($2::INTEGER)
2026-06-17 14:20:24,335 INFO sqlalchemy.engine.Engine [generated in 0.00021s] (<MessageStatusEnum.PENDING: 'pending'>, 109)
{'success': True, 'profile_id': '4bff709f-2157-4011-97c9-08976ff5dd36', 'folder_id': 'dbb942b0-3068-4fbd-b2fd-1faeeb7fbb1e', 'port': 52909}
PORT 52909
2026-06-17 14:20:36,799 INFO sqlalchemy.engine.Engine SELECT EXISTS (SELECT * 
FROM messages 
WHERE messages.thread_id = $1::BIGINT AND messages.created_at > $2::TIMESTAMP WITH TIME ZONE) AS anon_1
2026-06-17 14:20:36,799 INFO sqlalchemy.engine.Engine [generated in 0.00069s] (109, datetime.datetime(2026, 6, 17, 7, 19, 35, 331589, tzinfo=datetime.timezone.utc))
CONNECTED ON 52909 PORT
фото отправлено
2026-06-17 14:20:44,454 INFO sqlalchemy.engine.Engine UPDATE threads SET timestamp_last_seen_message=$1::TIMESTAMP WITH TIME ZONE WHERE threads.id = $2::INTEGER
2026-06-17 14:20:44,455 INFO sqlalchemy.engine.Engine [generated in 0.00050s] (datetime.datetime(2026, 6, 17, 7, 20, 44, 451235, tzinfo=datetime.timezone.utc), 109)
2026-06-17 14:20:44,459 INFO sqlalchemy.engine.Engine UPDATE messages SET created_at=$1::TIMESTAMP WITH TIME ZONE, updated_at=$2::TIMESTAMP WITH TIME ZONE, status=$3::VARCHAR WHERE messages.id = $4::BIGINT
2026-06-17 14:20:44,459 INFO sqlalchemy.engine.Engine [generated in 0.00027s] (datetime.datetime(2026, 6, 17, 7, 20, 44, 451235, tzinfo=datetime.timezone.utc), datetime.datetime(2026, 6, 17, 7, 20, 44, 451235, tzinfo=datetime.timezone.utc), 'approved', 977)
2026-06-17 14:20:44,462 INFO sqlalchemy.engine.Engine COMMIT
STOPPED PROFILE {'success': True, 'profile_id': '4bff709f-2157-4011-97c9-08976ff5dd36', 'folder_id': 'dbb942b0-3068-4fbd-b2fd-1faeeb7fbb1e'}
Worker for send messages is shutting down...
