Worker for account polling is starting up...
TASK FROM ARQ ✅
2026-06-17 11:25:47,309 INFO sqlalchemy.engine.Engine select pg_catalog.version()
2026-06-17 11:25:47,309 INFO sqlalchemy.engine.Engine [raw sql] ()
2026-06-17 11:25:47,310 INFO sqlalchemy.engine.Engine select current_schema()
2026-06-17 11:25:47,310 INFO sqlalchemy.engine.Engine [raw sql] ()
2026-06-17 11:25:47,311 INFO sqlalchemy.engine.Engine show standard_conforming_strings
2026-06-17 11:25:47,311 INFO sqlalchemy.engine.Engine [raw sql] ()
2026-06-17 11:25:47,312 INFO sqlalchemy.engine.Engine BEGIN (implicit)
2026-06-17 11:25:47,317 INFO sqlalchemy.engine.Engine SELECT accounts.id, accounts.insta_id, accounts.full_name, accounts.photo_url, accounts.username, accounts.password, accounts.has_error, accounts.created_at, accounts.updated_at, accounts.proxy_url, accounts.is_active, accounts.ai_model_id, accounts.folder_id, accounts.profile_id, accounts.information 
FROM accounts 
WHERE accounts.is_active = true AND accounts.username = $1::VARCHAR
2026-06-17 11:25:47,317 INFO sqlalchemy.engine.Engine [generated in 0.00006s] ('yashenkov.q',)
2026-06-17 11:25:47,318 INFO sqlalchemy.engine.Engine ROLLBACK
ACTIVE PROFILES {'profiles': []}
ACCOUNT PARSE JOB RUNNING... <arq job 9218a2ab3f9648f0b1267fd9d975cb0c>
{'success': True, 'profile_id': '4bff709f-2157-4011-97c9-08976ff5dd36', 'folder_id': 'dbb942b0-3068-4fbd-b2fd-1faeeb7fbb1e', 'port': 51173}
PORT 51173
TASK FROM ARQ ✅
2026-06-17 11:26:00,332 INFO sqlalchemy.engine.Engine BEGIN (implicit)
2026-06-17 11:26:00,332 INFO sqlalchemy.engine.Engine SELECT accounts.id, accounts.insta_id, accounts.full_name, accounts.photo_url, accounts.username, accounts.password, accounts.has_error, accounts.created_at, accounts.updated_at, accounts.proxy_url, accounts.is_active, accounts.ai_model_id, accounts.folder_id, accounts.profile_id, accounts.information 
FROM accounts 
WHERE accounts.is_active = true AND accounts.username = $1::VARCHAR
2026-06-17 11:26:00,332 INFO sqlalchemy.engine.Engine [cached since 13.02s ago] ('yashenkov.q',)
2026-06-17 11:26:00,333 INFO sqlalchemy.engine.Engine ROLLBACK
ACTIVE PROFILES {'profiles': [{'folder_id': 'dbb942b0-3068-4fbd-b2fd-1faeeb7fbb1e', 'profile_id': '4bff709f-2157-4011-97c9-08976ff5dd36', 'pid': 30166, 'port': 51173}]}
CONNECTED ON 51173 PORT
Inbox received!
Found 5 inbox threads
2026-06-17 11:26:03,841 INFO sqlalchemy.engine.Engine BEGIN (implicit)
2026-06-17 11:26:03,845 INFO sqlalchemy.engine.Engine SELECT users.id, users.insta_id, users.username, users.full_name, users.photo_url 
FROM users 
WHERE users.insta_id = $1::VARCHAR
2026-06-17 11:26:03,845 INFO sqlalchemy.engine.Engine [generated in 0.00042s] ('2619970640',)
2026-06-17 11:26:03,862 INFO sqlalchemy.engine.Engine SELECT (SELECT count(messages.id) AS count_1 
FROM messages 
WHERE messages.thread_id = threads.id AND messages.status = $1::VARCHAR) AS anon_1, threads.id, threads.thread_id, threads.timestamp_last_seen_message, threads.last_message_id, threads.context, threads.account_id, threads.is_approved, threads.insta_user_id, threads.is_unread, threads.user_information, threads.color_level, accounts_1.id AS id_1, accounts_1.insta_id, accounts_1.full_name, accounts_1.photo_url, accounts_1.username, accounts_1.password, accounts_1.has_error, accounts_1.created_at, accounts_1.updated_at, accounts_1.proxy_url, accounts_1.is_active, accounts_1.ai_model_id, accounts_1.folder_id, accounts_1.profile_id, accounts_1.information, users_1.id AS id_2, users_1.insta_id AS insta_id_1, users_1.username AS username_1, users_1.full_name AS full_name_1, users_1.photo_url AS photo_url_1 
FROM threads LEFT OUTER JOIN accounts AS accounts_1 ON accounts_1.id = threads.account_id LEFT OUTER JOIN users AS users_1 ON users_1.id = threads.insta_user_id 
WHERE threads.thread_id = $2::VARCHAR
2026-06-17 11:26:03,862 INFO sqlalchemy.engine.Engine [generated in 0.00050s] (<MessageStatusEnum.PENDING: 'pending'>, '102047057865685')
2026-06-17 11:26:03,873 INFO sqlalchemy.engine.Engine INSERT INTO threads (thread_id, timestamp_last_seen_message, last_message_id, context, account_id, is_approved, insta_user_id, is_unread, user_information, color_level) VALUES ($1::VARCHAR, $2::TIMESTAMP WITH TIME ZONE, $3::VARCHAR, $4::VARCHAR, $5::BIGINT, $6::BOOLEAN, $7::BIGINT, $8::BOOLEAN, $9::JSONB, $10::VARCHAR) RETURNING threads.id
2026-06-17 11:26:03,873 INFO sqlalchemy.engine.Engine [generated in 0.00053s] ('102047057865685', None, '', '', 15, True, 8, False, 'null', 'grey')
2026-06-17 11:26:03,882 INFO sqlalchemy.engine.Engine COMMIT
Thread 102047057865685 data received!
      Downloaded: 102047057865685_mid.$cAEB5nfW4bSek5rSI9metW89-rOKd_image_0.jpg (2550.2 KB)
      Downloaded: 102047057865685_mid.$cAEB5nfW4bSek4nJ2nmesS0flr_Zf_image_0.jpg (96.1 KB)
      Downloaded: 102047057865685_mid.$cAEB5nfW4bSek3LmdM2eq3RSpb09M_image_0.jpg (3862.0 KB)
      Downloaded: 102047057865685_mid.$cAEB5nfW4bSekwl6yfmekRln3W6pR_image_0.jpg (3944.6 KB)
Cannot connect to host localhost:8001 ssl:default [Connect call failed ('127.0.0.1', 8001)]
TASK FROM ARQ ✅
2026-06-17 11:26:59,966 INFO sqlalchemy.engine.Engine BEGIN (implicit)
2026-06-17 11:26:59,967 INFO sqlalchemy.engine.Engine SELECT accounts.id, accounts.insta_id, accounts.full_name, accounts.photo_url, accounts.username, accounts.password, accounts.has_error, accounts.created_at, accounts.updated_at, accounts.proxy_url, accounts.is_active, accounts.ai_model_id, accounts.folder_id, accounts.profile_id, accounts.information 
FROM accounts 
WHERE accounts.is_active = true AND accounts.username = $1::VARCHAR
2026-06-17 11:26:59,967 INFO sqlalchemy.engine.Engine [cached since 72.65s ago] ('yashenkov.q',)
2026-06-17 11:26:59,970 INFO sqlalchemy.engine.Engine ROLLBACK
ACTIVE PROFILES {'profiles': [{'folder_id': 'dbb942b0-3068-4fbd-b2fd-1faeeb7fbb1e', 'profile_id': '4bff709f-2157-4011-97c9-08976ff5dd36', 'pid': 30166, 'port': 51173}]}
ACCOUNT PARSE JOB RUNNING... <arq job 708bfacac8ae450ebba1b4eca7d45147>
{'success': True, 'profile_id': '4bff709f-2157-4011-97c9-08976ff5dd36', 'folder_id': 'dbb942b0-3068-4fbd-b2fd-1faeeb7fbb1e', 'port': 51173, 'message': 'Profile is already running'}
PORT 51173
Worker for account polling is shutting down...
Worker for account polling is starting up...
TASK FROM ARQ ✅
2026-06-17 11:28:00,261 INFO sqlalchemy.engine.Engine select pg_catalog.version()
2026-06-17 11:28:00,261 INFO sqlalchemy.engine.Engine [raw sql] ()
2026-06-17 11:28:00,264 INFO sqlalchemy.engine.Engine select current_schema()
2026-06-17 11:28:00,264 INFO sqlalchemy.engine.Engine [raw sql] ()
2026-06-17 11:28:00,266 INFO sqlalchemy.engine.Engine show standard_conforming_strings
2026-06-17 11:28:00,266 INFO sqlalchemy.engine.Engine [raw sql] ()
2026-06-17 11:28:00,268 INFO sqlalchemy.engine.Engine BEGIN (implicit)
2026-06-17 11:28:00,280 INFO sqlalchemy.engine.Engine SELECT accounts.id, accounts.insta_id, accounts.full_name, accounts.photo_url, accounts.username, accounts.password, accounts.has_error, accounts.created_at, accounts.updated_at, accounts.proxy_url, accounts.is_active, accounts.ai_model_id, accounts.folder_id, accounts.profile_id, accounts.information 
FROM accounts 
WHERE accounts.is_active = true AND accounts.username = $1::VARCHAR
2026-06-17 11:28:00,281 INFO sqlalchemy.engine.Engine [generated in 0.00015s] ('yashenkov.q',)
2026-06-17 11:28:00,287 INFO sqlalchemy.engine.Engine ROLLBACK
ACTIVE PROFILES {'profiles': []}
ACCOUNT PARSE JOB RUNNING... <arq job 8b530477a5f749f4a0b7625a5c2a7fc9>
{'success': True, 'profile_id': '4bff709f-2157-4011-97c9-08976ff5dd36', 'folder_id': 'dbb942b0-3068-4fbd-b2fd-1faeeb7fbb1e', 'port': 51242}
PORT 51242
CONNECTED ON 51242 PORT
Inbox received!
Found 5 inbox threads
2026-06-17 11:28:16,352 INFO sqlalchemy.engine.Engine BEGIN (implicit)
2026-06-17 11:28:16,355 INFO sqlalchemy.engine.Engine SELECT users.id, users.insta_id, users.username, users.full_name, users.photo_url 
FROM users 
WHERE users.insta_id = $1::VARCHAR
2026-06-17 11:28:16,356 INFO sqlalchemy.engine.Engine [generated in 0.00036s] ('2619970640',)
2026-06-17 11:28:16,372 INFO sqlalchemy.engine.Engine SELECT (SELECT count(messages.id) AS count_1 
FROM messages 
WHERE messages.thread_id = threads.id AND messages.status = $1::VARCHAR) AS anon_1, threads.id, threads.thread_id, threads.timestamp_last_seen_message, threads.last_message_id, threads.context, threads.account_id, threads.is_approved, threads.insta_user_id, threads.is_unread, threads.user_information, threads.color_level, accounts_1.id AS id_1, accounts_1.insta_id, accounts_1.full_name, accounts_1.photo_url, accounts_1.username, accounts_1.password, accounts_1.has_error, accounts_1.created_at, accounts_1.updated_at, accounts_1.proxy_url, accounts_1.is_active, accounts_1.ai_model_id, accounts_1.folder_id, accounts_1.profile_id, accounts_1.information, users_1.id AS id_2, users_1.insta_id AS insta_id_1, users_1.username AS username_1, users_1.full_name AS full_name_1, users_1.photo_url AS photo_url_1 
FROM threads LEFT OUTER JOIN accounts AS accounts_1 ON accounts_1.id = threads.account_id LEFT OUTER JOIN users AS users_1 ON users_1.id = threads.insta_user_id 
WHERE threads.thread_id = $2::VARCHAR
2026-06-17 11:28:16,372 INFO sqlalchemy.engine.Engine [generated in 0.00058s] (<MessageStatusEnum.PENDING: 'pending'>, '102047057865685')
Thread 102047057865685 data received!
      Downloaded: 102047057865685_mid.$cAEB5nfW4bSek5rSI9metW89-rOKd_image_0.jpg (2550.2 KB)
      Downloaded: 102047057865685_mid.$cAEB5nfW4bSek4nJ2nmesS0flr_Zf_image_0.jpg (96.1 KB)
      Downloaded: 102047057865685_mid.$cAEB5nfW4bSek3LmdM2eq3RSpb09M_image_0.jpg (3862.0 KB)
      Downloaded: 102047057865685_mid.$cAEB5nfW4bSekwl6yfmekRln3W6pR_image_0.jpg (3944.6 KB)
запрос к нейронке...
ответ нейронки Выжимка переписки:  

- Тестовые и приветственные сообщения от пользователей и ассистента ("Че каво", "Йо йо йо", "hello", "Ахаха", "здорова голова").  
- Обмен короткими фразами и проверка связи ("Проверка времени", "whats up", "Куку епта").  
- Последние сообщения: "Смотри", "Йо", "whats up headass 33@@".  

Общий тон: неформальный, с юмором и случайными репликами.
2026-06-17 11:28:38,205 INFO sqlalchemy.engine.Engine UPDATE threads SET timestamp_last_seen_message=$1::TIMESTAMP WITH TIME ZONE, context=$2::VARCHAR WHERE threads.id = $3::INTEGER
2026-06-17 11:28:38,206 INFO sqlalchemy.engine.Engine [generated in 0.00119s] (datetime.datetime(2026, 6, 16, 10, 51, 9, 528000, tzinfo=datetime.timezone.utc), 'Выжимка переписки:  \n\n- Тестовые и приветственные сообщения от пользователей и ассистента ("Че каво", "Йо йо йо", "hello", "Ахаха", "здорова голова ... (77 characters truncated) ...  up", "Куку епта").  \n- Последние сообщения: "Смотри", "Йо", "whats up headass 33@@".  \n\nОбщий тон: неформальный, с юмором и случайными репликами.', 104)
2026-06-17 11:28:38,220 INFO sqlalchemy.engine.Engine INSERT INTO messages (created_at, updated_at, text, sender, status, translated_text, thread_id) SELECT p0::TIMESTAMP WITH TIME ZONE, p1::TIMESTAMP WITH TIME ZONE, p2::VARCHAR, p3::VARCHAR, p4::VARCHAR, p5::VARCHAR, p6::BIGINT FROM (VALUES ($1::TIMEST ... 2335 characters truncated ... 1, p2, p3, p4, p5, p6, sen_counter) ORDER BY sen_counter RETURNING messages.id, messages.id AS id__1
2026-06-17 11:28:38,221 INFO sqlalchemy.engine.Engine [generated in 0.00033s (insertmanyvalues) 1/1 (ordered)] (datetime.datetime(2026, 6, 4, 5, 26, 5, 925000, tzinfo=datetime.timezone.utc), datetime.datetime(2026, 6, 4, 5, 26, 5, 925000, tzinfo=datetime.timezone.utc), 'new test message from admin panel', 'assistant', 'approved', '"Новое сообщение от панели admin"', 104, datetime.datetime(2026, 6, 4, 5, 27, 2, 526000, tzinfo=datetime.timezone.utc), datetime.datetime(2026, 6, 4, 5, 27, 2, 526000, tzinfo=datetime.timezone.utc), None, 'assistant', 'approved', None, 104, datetime.datetime(2026, 6, 6, 7, 6, 42, 377000, tzinfo=datetime.timezone.utc), datetime.datetime(2026, 6, 6, 7, 6, 42, 377000, tzinfo=datetime.timezone.utc), 'Че каво', 'user', 'approved', None, 104, datetime.datetime(2026, 6, 8, 5, 36, 54, 13000, tzinfo=datetime.timezone.utc), datetime.datetime(2026, 6, 8, 5, 36, 54, 13000, tzinfo=datetime.timezone.utc), 'Йо йо йо', 'user', 'approved', None, 104, datetime.datetime(2026, 6, 8, 5, 54, 42, 807000, tzinfo=datetime.timezone.utc), datetime.datetime(2026, 6, 8, 5, 54, 42, 807000, tzinfo=datetime.timezone.utc), 'hello', 'assistant', 'approved', '"Здравствуйте"', 104, datetime.datetime(2026, 6, 9, 7, 27, 31, 847000, tzinfo=datetime.timezone.utc), datetime.datetime(2026, 6, 9, 7, 27, 31, 847000, tzinfo=datetime.timezone.utc), 'Ахаха', 'user', 'approved', None, 104, datetime.datetime(2026, 6, 9, 8, 16, 28, 467000, tzinfo=datetime.timezone.utc), datetime.datetime(2026, 6, 9, 8, 16, 28, 467000, tzinfo=datetime.timezone.utc), None, 'assistant', 'approved', None, 104, datetime.datetime(2026, 6, 9, 8, 18, 55, 839000, tzinfo=datetime.timezone.utc) ... 19 parameters truncated ... 104, datetime.datetime(2026, 6, 10, 3, 47, 17, 558000, tzinfo=datetime.timezone.utc), datetime.datetime(2026, 6, 10, 3, 47, 17, 558000, tzinfo=datetime.timezone.utc), 'whats up', 'assistant', 'approved', '"WHAT ВПРОС"', 104, datetime.datetime(2026, 6, 10, 6, 53, 30, 50000, tzinfo=datetime.timezone.utc), datetime.datetime(2026, 6, 10, 6, 53, 30, 50000, tzinfo=datetime.timezone.utc), 'Куку епта', 'user', 'approved', None, 104, datetime.datetime(2026, 6, 10, 10, 56, 17, 792000, tzinfo=datetime.timezone.utc), datetime.datetime(2026, 6, 10, 10, 56, 17, 792000, tzinfo=datetime.timezone.utc), 'Смотри', 'user', 'approved', None, 104, datetime.datetime(2026, 6, 10, 10, 56, 28, 830000, tzinfo=datetime.timezone.utc), datetime.datetime(2026, 6, 10, 10, 56, 28, 830000, tzinfo=datetime.timezone.utc), None, 'user', 'approved', None, 104, datetime.datetime(2026, 6, 11, 6, 47, 7, 766000, tzinfo=datetime.timezone.utc), datetime.datetime(2026, 6, 11, 6, 47, 7, 766000, tzinfo=datetime.timezone.utc), None, 'assistant', 'approved', None, 104, datetime.datetime(2026, 6, 15, 6, 34, 3, 733000, tzinfo=datetime.timezone.utc), datetime.datetime(2026, 6, 15, 6, 34, 3, 733000, tzinfo=datetime.timezone.utc), 'Йо', 'user', 'approved', None, 104, datetime.datetime(2026, 6, 16, 10, 51, 9, 528000, tzinfo=datetime.timezone.utc), datetime.datetime(2026, 6, 16, 10, 51, 9, 528000, tzinfo=datetime.timezone.utc), 'whats up headass 33@@', 'assistant', 'approved', '"whats up headass 33@@"', 104)
2026-06-17 11:28:38,231 INFO sqlalchemy.engine.Engine INSERT INTO attachments (media_type, media_url, message_id) SELECT p0::VARCHAR, p1::VARCHAR, p2::BIGINT FROM (VALUES ($1::VARCHAR, $2::VARCHAR, $3::BIGINT, 0), ($4::VARCHAR, $5::VARCHAR, $6::BIGINT, 1), ($7::VARCHAR, $8::VARCHAR, $9::BIGINT, 2), ($10::VARCHAR, $11::VARCHAR, $12::BIGINT, 3)) AS imp_sen(p0, p1, p2, sen_counter) ORDER BY sen_counter RETURNING attachments.id, attachments.id AS id__1
2026-06-17 11:28:38,231 INFO sqlalchemy.engine.Engine [generated in 0.00015s (insertmanyvalues) 1/1 (ordered)] ('photo', './media/102047057865685/102047057865685_mid.$cAEB5nfW4bSekwl6yfmekRln3W6pR_image_0.jpg', 915, 'photo', './media/102047057865685/102047057865685_mid.$cAEB5nfW4bSek3LmdM2eq3RSpb09M_image_0.jpg', 920, 'photo', './media/102047057865685/102047057865685_mid.$cAEB5nfW4bSek4nJ2nmesS0flr_Zf_image_0.jpg', 927, 'photo', './media/102047057865685/102047057865685_mid.$cAEB5nfW4bSek5rSI9metW89-rOKd_image_0.jpg', 928)
2026-06-17 11:28:38,240 INFO sqlalchemy.engine.Engine COMMIT
2026-06-17 11:28:40,253 INFO sqlalchemy.engine.Engine BEGIN (implicit)
2026-06-17 11:28:40,254 INFO sqlalchemy.engine.Engine SELECT users.id, users.insta_id, users.username, users.full_name, users.photo_url 
FROM users 
WHERE users.insta_id = $1::VARCHAR
2026-06-17 11:28:40,254 INFO sqlalchemy.engine.Engine [cached since 23.9s ago] ('723274928',)
2026-06-17 11:28:40,258 INFO sqlalchemy.engine.Engine SELECT (SELECT count(messages.id) AS count_1 
FROM messages 
WHERE messages.thread_id = threads.id AND messages.status = $1::VARCHAR) AS anon_1, threads.id, threads.thread_id, threads.timestamp_last_seen_message, threads.last_message_id, threads.context, threads.account_id, threads.is_approved, threads.insta_user_id, threads.is_unread, threads.user_information, threads.color_level, accounts_1.id AS id_1, accounts_1.insta_id, accounts_1.full_name, accounts_1.photo_url, accounts_1.username, accounts_1.password, accounts_1.has_error, accounts_1.created_at, accounts_1.updated_at, accounts_1.proxy_url, accounts_1.is_active, accounts_1.ai_model_id, accounts_1.folder_id, accounts_1.profile_id, accounts_1.information, users_1.id AS id_2, users_1.insta_id AS insta_id_1, users_1.username AS username_1, users_1.full_name AS full_name_1, users_1.photo_url AS photo_url_1 
FROM threads LEFT OUTER JOIN accounts AS accounts_1 ON accounts_1.id = threads.account_id LEFT OUTER JOIN users AS users_1 ON users_1.id = threads.insta_user_id 
WHERE threads.thread_id = $2::VARCHAR
2026-06-17 11:28:40,258 INFO sqlalchemy.engine.Engine [cached since 23.89s ago] (<MessageStatusEnum.PENDING: 'pending'>, '117586169633422')
2026-06-17 11:28:40,264 INFO sqlalchemy.engine.Engine INSERT INTO threads (thread_id, timestamp_last_seen_message, last_message_id, context, account_id, is_approved, insta_user_id, is_unread, user_information, color_level) VALUES ($1::VARCHAR, $2::TIMESTAMP WITH TIME ZONE, $3::VARCHAR, $4::VARCHAR, $5::BIGINT, $6::BOOLEAN, $7::BIGINT, $8::BOOLEAN, $9::JSONB, $10::VARCHAR) RETURNING threads.id
2026-06-17 11:28:40,264 INFO sqlalchemy.engine.Engine [generated in 0.00042s] ('117586169633422', None, '', '', 15, True, 10, False, 'null', 'grey')
2026-06-17 11:28:40,269 INFO sqlalchemy.engine.Engine COMMIT
Thread 117586169633422 data received!
запрос к нейронке...
ответ нейронки Выжимка:  
- Пользователь написал "Yo" (07.06.2026).  
- Ассистент одобрил обсуждение и отправил сообщение (08.06.2026).  

Контекст: Короткий обмен репликами без глубокого содержания.
2026-06-17 11:28:54,219 INFO sqlalchemy.engine.Engine BEGIN (implicit)
2026-06-17 11:28:54,222 INFO sqlalchemy.engine.Engine UPDATE threads SET timestamp_last_seen_message=$1::TIMESTAMP WITH TIME ZONE, context=$2::VARCHAR, is_unread=$3::BOOLEAN WHERE threads.id = $4::INTEGER
2026-06-17 11:28:54,222 INFO sqlalchemy.engine.Engine [generated in 0.00080s] (datetime.datetime(2026, 6, 8, 5, 34, 44, 820000, tzinfo=datetime.timezone.utc), 'Выжимка:  \n- Пользователь написал "Yo" (07.06.2026).  \n- Ассистент одобрил обсуждение и отправил сообщение (08.06.2026).  \n\nКонтекст: Короткий обмен репликами без глубокого содержания.', True, 105)
2026-06-17 11:28:54,228 INFO sqlalchemy.engine.Engine INSERT INTO messages (created_at, updated_at, text, sender, status, translated_text, thread_id) SELECT p0::TIMESTAMP WITH TIME ZONE, p1::TIMESTAMP WITH TIME ZONE, p2::VARCHAR, p3::VARCHAR, p4::VARCHAR, p5::VARCHAR, p6::BIGINT FROM (VALUES ($1::TIMEST ... 268 characters truncated ... 1, p2, p3, p4, p5, p6, sen_counter) ORDER BY sen_counter RETURNING messages.id, messages.id AS id__1
2026-06-17 11:28:54,228 INFO sqlalchemy.engine.Engine [cached since 16.01s ago (insertmanyvalues) 1/1 (ordered)] (datetime.datetime(2026, 6, 7, 5, 43, 30, 922000, tzinfo=datetime.timezone.utc), datetime.datetime(2026, 6, 7, 5, 43, 30, 922000, tzinfo=datetime.timezone.utc), 'Yo', 'user', 'approved', None, 105, datetime.datetime(2026, 6, 8, 5, 34, 44, 820000, tzinfo=datetime.timezone.utc), datetime.datetime(2026, 6, 8, 5, 34, 44, 820000, tzinfo=datetime.timezone.utc), 'test approve thread and send message', 'assistant', 'approved', '"Тест одобряет thread и отправляет сообщение"', 105)
2026-06-17 11:28:54,233 INFO sqlalchemy.engine.Engine COMMIT
2026-06-17 11:28:56,242 INFO sqlalchemy.engine.Engine BEGIN (implicit)
2026-06-17 11:28:56,243 INFO sqlalchemy.engine.Engine SELECT users.id, users.insta_id, users.username, users.full_name, users.photo_url 
FROM users 
WHERE users.insta_id = $1::VARCHAR
2026-06-17 11:28:56,243 INFO sqlalchemy.engine.Engine [cached since 39.89s ago] ('41470176325',)
2026-06-17 11:28:56,252 INFO sqlalchemy.engine.Engine SELECT (SELECT count(messages.id) AS count_1 
FROM messages 
WHERE messages.thread_id = threads.id AND messages.status = $1::VARCHAR) AS anon_1, threads.id, threads.thread_id, threads.timestamp_last_seen_message, threads.last_message_id, threads.context, threads.account_id, threads.is_approved, threads.insta_user_id, threads.is_unread, threads.user_information, threads.color_level, accounts_1.id AS id_1, accounts_1.insta_id, accounts_1.full_name, accounts_1.photo_url, accounts_1.username, accounts_1.password, accounts_1.has_error, accounts_1.created_at, accounts_1.updated_at, accounts_1.proxy_url, accounts_1.is_active, accounts_1.ai_model_id, accounts_1.folder_id, accounts_1.profile_id, accounts_1.information, users_1.id AS id_2, users_1.insta_id AS insta_id_1, users_1.username AS username_1, users_1.full_name AS full_name_1, users_1.photo_url AS photo_url_1 
FROM threads LEFT OUTER JOIN accounts AS accounts_1 ON accounts_1.id = threads.account_id LEFT OUTER JOIN users AS users_1 ON users_1.id = threads.insta_user_id 
WHERE threads.thread_id = $2::VARCHAR
2026-06-17 11:28:56,252 INFO sqlalchemy.engine.Engine [cached since 39.88s ago] (<MessageStatusEnum.PENDING: 'pending'>, '18066587015376326')
2026-06-17 11:28:56,257 INFO sqlalchemy.engine.Engine INSERT INTO threads (thread_id, timestamp_last_seen_message, last_message_id, context, account_id, is_approved, insta_user_id, is_unread, user_information, color_level) VALUES ($1::VARCHAR, $2::TIMESTAMP WITH TIME ZONE, $3::VARCHAR, $4::VARCHAR, $5::BIGINT, $6::BOOLEAN, $7::BIGINT, $8::BOOLEAN, $9::JSONB, $10::VARCHAR) RETURNING threads.id
2026-06-17 11:28:56,257 INFO sqlalchemy.engine.Engine [cached since 15.99s ago] ('18066587015376326', None, '', '', 15, True, 11, False, 'null', 'grey')
2026-06-17 11:28:56,260 INFO sqlalchemy.engine.Engine COMMIT
TASK FROM ARQ ✅
2026-06-17 11:29:00,366 INFO sqlalchemy.engine.Engine BEGIN (implicit)
2026-06-17 11:29:00,367 INFO sqlalchemy.engine.Engine SELECT accounts.id, accounts.insta_id, accounts.full_name, accounts.photo_url, accounts.username, accounts.password, accounts.has_error, accounts.created_at, accounts.updated_at, accounts.proxy_url, accounts.is_active, accounts.ai_model_id, accounts.folder_id, accounts.profile_id, accounts.information 
FROM accounts 
WHERE accounts.is_active = true AND accounts.username = $1::VARCHAR
2026-06-17 11:29:00,367 INFO sqlalchemy.engine.Engine [cached since 60.09s ago] ('yashenkov.q',)
2026-06-17 11:29:00,370 INFO sqlalchemy.engine.Engine ROLLBACK
ACTIVE PROFILES {'profiles': [{'folder_id': 'dbb942b0-3068-4fbd-b2fd-1faeeb7fbb1e', 'profile_id': '4bff709f-2157-4011-97c9-08976ff5dd36', 'pid': 30293, 'port': 51242}]}
Thread 18066587015376326 data received!
запрос к нейронке...
ответ нейронки **Выжимка переписки:**  

- **11:04** | user: Привет  

*(Начало диалога, ожидание ответа)*
2026-06-17 11:29:08,252 INFO sqlalchemy.engine.Engine BEGIN (implicit)
2026-06-17 11:29:08,253 INFO sqlalchemy.engine.Engine UPDATE threads SET timestamp_last_seen_message=$1::TIMESTAMP WITH TIME ZONE, context=$2::VARCHAR, is_unread=$3::BOOLEAN WHERE threads.id = $4::INTEGER
2026-06-17 11:29:08,253 INFO sqlalchemy.engine.Engine [cached since 14.03s ago] (datetime.datetime(2026, 6, 7, 11, 4, 20, 547000, tzinfo=datetime.timezone.utc), '**Выжимка переписки:**  \n\n- **11:04** | user: Привет  \n\n*(Начало диалога, ожидание ответа)*', True, 106)
2026-06-17 11:29:08,260 INFO sqlalchemy.engine.Engine INSERT INTO messages (created_at, updated_at, text, sender, status, translated_text, thread_id) VALUES ($1::TIMESTAMP WITH TIME ZONE, $2::TIMESTAMP WITH TIME ZONE, $3::VARCHAR, $4::VARCHAR, $5::VARCHAR, $6::VARCHAR, $7::BIGINT) RETURNING messages.id
2026-06-17 11:29:08,261 INFO sqlalchemy.engine.Engine [generated in 0.00045s] (datetime.datetime(2026, 6, 7, 11, 4, 20, 547000, tzinfo=datetime.timezone.utc), datetime.datetime(2026, 6, 7, 11, 4, 20, 547000, tzinfo=datetime.timezone.utc), 'привет', 'user', 'approved', None, 106)
2026-06-17 11:29:08,265 INFO sqlalchemy.engine.Engine COMMIT
2026-06-17 11:29:10,277 INFO sqlalchemy.engine.Engine BEGIN (implicit)
2026-06-17 11:29:10,278 INFO sqlalchemy.engine.Engine SELECT users.id, users.insta_id, users.username, users.full_name, users.photo_url 
FROM users 
WHERE users.insta_id = $1::VARCHAR
2026-06-17 11:29:10,278 INFO sqlalchemy.engine.Engine [cached since 53.92s ago] ('29781370356',)
2026-06-17 11:29:10,286 INFO sqlalchemy.engine.Engine SELECT (SELECT count(messages.id) AS count_1 
FROM messages 
WHERE messages.thread_id = threads.id AND messages.status = $1::VARCHAR) AS anon_1, threads.id, threads.thread_id, threads.timestamp_last_seen_message, threads.last_message_id, threads.context, threads.account_id, threads.is_approved, threads.insta_user_id, threads.is_unread, threads.user_information, threads.color_level, accounts_1.id AS id_1, accounts_1.insta_id, accounts_1.full_name, accounts_1.photo_url, accounts_1.username, accounts_1.password, accounts_1.has_error, accounts_1.created_at, accounts_1.updated_at, accounts_1.proxy_url, accounts_1.is_active, accounts_1.ai_model_id, accounts_1.folder_id, accounts_1.profile_id, accounts_1.information, users_1.id AS id_2, users_1.insta_id AS insta_id_1, users_1.username AS username_1, users_1.full_name AS full_name_1, users_1.photo_url AS photo_url_1 
FROM threads LEFT OUTER JOIN accounts AS accounts_1 ON accounts_1.id = threads.account_id LEFT OUTER JOIN users AS users_1 ON users_1.id = threads.insta_user_id 
WHERE threads.thread_id = $2::VARCHAR
2026-06-17 11:29:10,286 INFO sqlalchemy.engine.Engine [cached since 53.92s ago] (<MessageStatusEnum.PENDING: 'pending'>, '18087676138994357')
2026-06-17 11:29:10,290 INFO sqlalchemy.engine.Engine INSERT INTO threads (thread_id, timestamp_last_seen_message, last_message_id, context, account_id, is_approved, insta_user_id, is_unread, user_information, color_level) VALUES ($1::VARCHAR, $2::TIMESTAMP WITH TIME ZONE, $3::VARCHAR, $4::VARCHAR, $5::BIGINT, $6::BOOLEAN, $7::BIGINT, $8::BOOLEAN, $9::JSONB, $10::VARCHAR) RETURNING threads.id
2026-06-17 11:29:10,290 INFO sqlalchemy.engine.Engine [cached since 30.03s ago] ('18087676138994357', None, '', '', 15, True, 7, False, 'null', 'grey')
2026-06-17 11:29:10,294 INFO sqlalchemy.engine.Engine COMMIT
Thread 18087676138994357 data received!
      Downloaded: 18087676138994357_mid.$cAABn9xwJvEeko8lxDWecoQcjCEB3_image_0.jpg (173.0 KB)
запрос к нейронке...
ответ нейронки **Выжимка переписки:**  

- **Сообщение:** "привет"  
  *Отправлено:* 14.05.2026, 11:01  
  *Отправитель:* assistant  

*(Далее идёт техническая метка без содержательного сообщения.)*  

Короткое приветствие без продолжения диалога.
2026-06-17 11:29:24,667 INFO sqlalchemy.engine.Engine BEGIN (implicit)
2026-06-17 11:29:24,667 INFO sqlalchemy.engine.Engine UPDATE threads SET timestamp_last_seen_message=$1::TIMESTAMP WITH TIME ZONE, context=$2::VARCHAR WHERE threads.id = $3::INTEGER
2026-06-17 11:29:24,667 INFO sqlalchemy.engine.Engine [cached since 46.46s ago] (datetime.datetime(2026, 5, 29, 6, 55, 24, 429000, tzinfo=datetime.timezone.utc), '**Выжимка переписки:**  \n\n- **Сообщение:** "привет"  \n  *Отправлено:* 14.05.2026, 11:01  \n  *Отправитель:* assistant  \n\n*(Далее идёт техническая метка без содержательного сообщения.)*  \n\nКороткое приветствие без продолжения диалога.', 107)
2026-06-17 11:29:24,669 INFO sqlalchemy.engine.Engine INSERT INTO messages (created_at, updated_at, text, sender, status, translated_text, thread_id) SELECT p0::TIMESTAMP WITH TIME ZONE, p1::TIMESTAMP WITH TIME ZONE, p2::VARCHAR, p3::VARCHAR, p4::VARCHAR, p5::VARCHAR, p6::BIGINT FROM (VALUES ($1::TIMEST ... 404 characters truncated ... 1, p2, p3, p4, p5, p6, sen_counter) ORDER BY sen_counter RETURNING messages.id, messages.id AS id__1
2026-06-17 11:29:24,670 INFO sqlalchemy.engine.Engine [cached since 46.45s ago (insertmanyvalues) 1/1 (ordered)] (datetime.datetime(2026, 5, 14, 11, 1, 54, 462000, tzinfo=datetime.timezone.utc), datetime.datetime(2026, 5, 14, 11, 1, 54, 462000, tzinfo=datetime.timezone.utc), 'привет', 'assistant', 'approved', None, 107, datetime.datetime(2026, 5, 29, 6, 53, 18, 269000, tzinfo=datetime.timezone.utc), datetime.datetime(2026, 5, 29, 6, 53, 18, 269000, tzinfo=datetime.timezone.utc), 'gfdgd', 'assistant', 'approved', '"gfdgd"', 107, datetime.datetime(2026, 5, 29, 6, 55, 24, 429000, tzinfo=datetime.timezone.utc), datetime.datetime(2026, 5, 29, 6, 55, 24, 429000, tzinfo=datetime.timezone.utc), None, 'assistant', 'approved', None, 107)
2026-06-17 11:29:24,673 INFO sqlalchemy.engine.Engine INSERT INTO attachments (media_type, media_url, message_id) VALUES ($1::VARCHAR, $2::VARCHAR, $3::BIGINT) RETURNING attachments.id
2026-06-17 11:29:24,673 INFO sqlalchemy.engine.Engine [generated in 0.00028s] ('photo', './media/18087676138994357/18087676138994357_mid.$cAABn9xwJvEeko8lxDWecoQcjCEB3_image_0.jpg', 936)
2026-06-17 11:29:24,675 INFO sqlalchemy.engine.Engine COMMIT
2026-06-17 11:29:26,685 INFO sqlalchemy.engine.Engine BEGIN (implicit)
2026-06-17 11:29:26,685 INFO sqlalchemy.engine.Engine SELECT users.id, users.insta_id, users.username, users.full_name, users.photo_url 
FROM users 
WHERE users.insta_id = $1::VARCHAR
2026-06-17 11:29:26,685 INFO sqlalchemy.engine.Engine [cached since 70.33s ago] ('2679200442',)
2026-06-17 11:29:26,688 INFO sqlalchemy.engine.Engine SELECT (SELECT count(messages.id) AS count_1 
FROM messages 
WHERE messages.thread_id = threads.id AND messages.status = $1::VARCHAR) AS anon_1, threads.id, threads.thread_id, threads.timestamp_last_seen_message, threads.last_message_id, threads.context, threads.account_id, threads.is_approved, threads.insta_user_id, threads.is_unread, threads.user_information, threads.color_level, accounts_1.id AS id_1, accounts_1.insta_id, accounts_1.full_name, accounts_1.photo_url, accounts_1.username, accounts_1.password, accounts_1.has_error, accounts_1.created_at, accounts_1.updated_at, accounts_1.proxy_url, accounts_1.is_active, accounts_1.ai_model_id, accounts_1.folder_id, accounts_1.profile_id, accounts_1.information, users_1.id AS id_2, users_1.insta_id AS insta_id_1, users_1.username AS username_1, users_1.full_name AS full_name_1, users_1.photo_url AS photo_url_1 
FROM threads LEFT OUTER JOIN accounts AS accounts_1 ON accounts_1.id = threads.account_id LEFT OUTER JOIN users AS users_1 ON users_1.id = threads.insta_user_id 
WHERE threads.thread_id = $2::VARCHAR
2026-06-17 11:29:26,688 INFO sqlalchemy.engine.Engine [cached since 70.32s ago] (<MessageStatusEnum.PENDING: 'pending'>, '105107154221124')
2026-06-17 11:29:26,692 INFO sqlalchemy.engine.Engine INSERT INTO threads (thread_id, timestamp_last_seen_message, last_message_id, context, account_id, is_approved, insta_user_id, is_unread, user_information, color_level) VALUES ($1::VARCHAR, $2::TIMESTAMP WITH TIME ZONE, $3::VARCHAR, $4::VARCHAR, $5::BIGINT, $6::BOOLEAN, $7::BIGINT, $8::BOOLEAN, $9::JSONB, $10::VARCHAR) RETURNING threads.id
2026-06-17 11:29:26,692 INFO sqlalchemy.engine.Engine [cached since 46.43s ago] ('105107154221124', None, '', '', 15, True, 1, False, 'null', 'grey')
2026-06-17 11:29:26,694 INFO sqlalchemy.engine.Engine COMMIT
Thread 105107154221124 data received!
      Downloaded: 105107154221124_mid.$cAEB6ynGNPrajoyAjsF5eyP3UZxOa_image_0.jpg (86.0 KB)
запрос к нейронке...
ответ нейронки Выжимка переписки:  

1. **Обмен приветствиями и любезностями**:  
   - Пользователь спросил "Как дела", на что ассистент ответил в игривом тоне, что дела отлично, и поинтересовался о собеседнике.  

2. **Тестовые сообщения**:  
   - Ассистент дважды отправил технические сообщения ("test message from admin panel" и "test from admin panel 22 fwefdw"), вероятно, проверка работы системы.  

3. **Неуместное обращение**:  
   - Пользователь написал "Привет красотка", а позже — "Скинь сиськи", на что ассистент не ответил.  

*Контекст*: Диалог начался вежливо, но перешёл в неуместные сообщения от пользователя. Ассистент игнорировал провокационные фразы.
2026-06-17 11:29:44,821 INFO sqlalchemy.engine.Engine BEGIN (implicit)
2026-06-17 11:29:44,822 INFO sqlalchemy.engine.Engine UPDATE threads SET timestamp_last_seen_message=$1::TIMESTAMP WITH TIME ZONE, context=$2::VARCHAR, is_unread=$3::BOOLEAN WHERE threads.id = $4::INTEGER
2026-06-17 11:29:44,822 INFO sqlalchemy.engine.Engine [cached since 50.6s ago] (datetime.datetime(2026, 4, 9, 10, 49, 6, 404000, tzinfo=datetime.timezone.utc), 'Выжимка переписки:  \n\n1. **Обмен приветствиями и любезностями**:  \n   - Пользователь спросил "Как дела", на что ассистент ответил в игривом тоне,  ... (368 characters truncated) ... т не ответил.  \n\n*Контекст*: Диалог начался вежливо, но перешёл в неуместные сообщения от пользователя. Ассистент игнорировал провокационные фразы.', True, 108)
2026-06-17 11:29:44,828 INFO sqlalchemy.engine.Engine INSERT INTO messages (created_at, updated_at, text, sender, status, translated_text, thread_id) SELECT p0::TIMESTAMP WITH TIME ZONE, p1::TIMESTAMP WITH TIME ZONE, p2::VARCHAR, p3::VARCHAR, p4::VARCHAR, p5::VARCHAR, p6::BIGINT FROM (VALUES ($1::TIMEST ... 1084 characters truncated ... 1, p2, p3, p4, p5, p6, sen_counter) ORDER BY sen_counter RETURNING messages.id, messages.id AS id__1
2026-06-17 11:29:44,828 INFO sqlalchemy.engine.Engine [cached since 66.61s ago (insertmanyvalues) 1/1 (ordered)] (datetime.datetime(2026, 3, 11, 11, 12, 50, 15000, tzinfo=datetime.timezone.utc), datetime.datetime(2026, 3, 11, 11, 12, 50, 15000, tzinfo=datetime.timezone.utc), 'Как дела', 'user', 'approved', None, 108, datetime.datetime(2026, 3, 23, 9, 25, 53, 569000, tzinfo=datetime.timezone.utc), datetime.datetime(2026, 3, 23, 9, 25, 53, 569000, tzinfo=datetime.timezone.utc), 'Ой, а кто это тут такой любопытный? 😏 Дела у меня отлично, особенно когда пишут такие милые собеседники! А у тебя как?', 'assistant', 'approved', None, 108, datetime.datetime(2026, 3, 23, 9, 27, 27, 983000, tzinfo=datetime.timezone.utc), datetime.datetime(2026, 3, 23, 9, 27, 27, 983000, tzinfo=datetime.timezone.utc), 'test message from admin panel', 'assistant', 'approved', '"Тест от панели admin"', 108, datetime.datetime(2026, 4, 9, 10, 17, 41, 413000, tzinfo=datetime.timezone.utc), datetime.datetime(2026, 4, 9, 10, 17, 41, 413000, tzinfo=datetime.timezone.utc), 'Привет красотка', 'user', 'approved', None, 108, datetime.datetime(2026, 4, 9, 10, 46, 51, 632000, tzinfo=datetime.timezone.utc), datetime.datetime(2026, 4, 9, 10, 46, 51, 632000, tzinfo=datetime.timezone.utc), 'test from admin panel 22 fwefdw', 'assistant', 'approved', '"Тест от admin панель 22 fwefdw"', 108, datetime.datetime(2026, 4, 9, 10, 47, 1, 1000, tzinfo=datetime.timezone.utc), datetime.datetime(2026, 4, 9, 10, 47, 1, 1000, tzinfo=datetime.timezone.utc), 'Воу', 'user', 'approved', None, 108, datetime.datetime(2026, 4, 9, 10, 47, 41, 744000, tzinfo=datetime.timezone.utc), datetime.datetime(2026, 4, 9, 10, 47, 41, 744000, tzinfo=datetime.timezone.utc), None, 'assistant', 'approved', None, 108, datetime.datetime(2026, 4, 9, 10, 49, 6, 404000, tzinfo=datetime.timezone.utc), datetime.datetime(2026, 4, 9, 10, 49, 6, 404000, tzinfo=datetime.timezone.utc), 'Скинь сиськи', 'user', 'approved', None, 108)
2026-06-17 11:29:44,832 INFO sqlalchemy.engine.Engine INSERT INTO attachments (media_type, media_url, message_id) VALUES ($1::VARCHAR, $2::VARCHAR, $3::BIGINT) RETURNING attachments.id
2026-06-17 11:29:44,832 INFO sqlalchemy.engine.Engine [cached since 20.16s ago] ('photo', './media/105107154221124/105107154221124_mid.$cAEB6ynGNPrajoyAjsF5eyP3UZxOa_image_0.jpg', 943)
2026-06-17 11:29:44,835 INFO sqlalchemy.engine.Engine COMMIT
Message requests received!
Found 0 request threads
Found 0 spam threads
TASK FROM ARQ ✅
2026-06-17 11:30:00,017 INFO sqlalchemy.engine.Engine BEGIN (implicit)
2026-06-17 11:30:00,018 INFO sqlalchemy.engine.Engine SELECT accounts.id, accounts.insta_id, accounts.full_name, accounts.photo_url, accounts.username, accounts.password, accounts.has_error, accounts.created_at, accounts.updated_at, accounts.proxy_url, accounts.is_active, accounts.ai_model_id, accounts.folder_id, accounts.profile_id, accounts.information 
FROM accounts 
WHERE accounts.is_active = true AND accounts.username = $1::VARCHAR
2026-06-17 11:30:00,018 INFO sqlalchemy.engine.Engine [cached since 119.7s ago] ('yashenkov.q',)
2026-06-17 11:30:00,021 INFO sqlalchemy.engine.Engine ROLLBACK
ACTIVE PROFILES {'profiles': [{'folder_id': 'dbb942b0-3068-4fbd-b2fd-1faeeb7fbb1e', 'profile_id': '4bff709f-2157-4011-97c9-08976ff5dd36', 'pid': 30293, 'port': 51242}]}
Worker for account polling is shutting down...
Worker for account polling is starting up...
TASK FROM ARQ ✅
2026-06-17 14:13:45,818 INFO sqlalchemy.engine.Engine select pg_catalog.version()
2026-06-17 14:13:45,818 INFO sqlalchemy.engine.Engine [raw sql] ()
2026-06-17 14:13:45,819 INFO sqlalchemy.engine.Engine select current_schema()
2026-06-17 14:13:45,819 INFO sqlalchemy.engine.Engine [raw sql] ()
2026-06-17 14:13:45,820 INFO sqlalchemy.engine.Engine show standard_conforming_strings
2026-06-17 14:13:45,820 INFO sqlalchemy.engine.Engine [raw sql] ()
2026-06-17 14:13:45,821 INFO sqlalchemy.engine.Engine BEGIN (implicit)
2026-06-17 14:13:45,825 INFO sqlalchemy.engine.Engine SELECT accounts.id, accounts.insta_id, accounts.full_name, accounts.photo_url, accounts.username, accounts.password, accounts.has_error, accounts.created_at, accounts.updated_at, accounts.proxy_url, accounts.is_active, accounts.ai_model_id, accounts.folder_id, accounts.profile_id, accounts.information 
FROM accounts 
WHERE accounts.is_active = true AND accounts.username = $1::VARCHAR
2026-06-17 14:13:45,825 INFO sqlalchemy.engine.Engine [generated in 0.00007s] ('yashenkov.q',)
2026-06-17 14:13:45,830 INFO sqlalchemy.engine.Engine ROLLBACK
ACTIVE PROFILES {'profiles': []}
ACCOUNT PARSE JOB RUNNING... <arq job d46f69f5cce649769b290144d73b51d4>
{'success': True, 'profile_id': '4bff709f-2157-4011-97c9-08976ff5dd36', 'folder_id': 'dbb942b0-3068-4fbd-b2fd-1faeeb7fbb1e', 'port': 52810}
PORT 52810
TASK FROM ARQ ✅
2026-06-17 14:14:00,363 INFO sqlalchemy.engine.Engine BEGIN (implicit)
2026-06-17 14:14:00,365 INFO sqlalchemy.engine.Engine SELECT accounts.id, accounts.insta_id, accounts.full_name, accounts.photo_url, accounts.username, accounts.password, accounts.has_error, accounts.created_at, accounts.updated_at, accounts.proxy_url, accounts.is_active, accounts.ai_model_id, accounts.folder_id, accounts.profile_id, accounts.information 
FROM accounts 
WHERE accounts.is_active = true AND accounts.username = $1::VARCHAR
2026-06-17 14:14:00,365 INFO sqlalchemy.engine.Engine [cached since 14.54s ago] ('yashenkov.q',)
2026-06-17 14:14:00,372 INFO sqlalchemy.engine.Engine ROLLBACK
ACTIVE PROFILES {'profiles': [{'folder_id': 'dbb942b0-3068-4fbd-b2fd-1faeeb7fbb1e', 'profile_id': '4bff709f-2157-4011-97c9-08976ff5dd36', 'pid': 32295, 'port': 52810}]}
CONNECTED ON 52810 PORT
Inbox received!
Found 5 inbox threads
2026-06-17 14:14:04,859 INFO sqlalchemy.engine.Engine BEGIN (implicit)
2026-06-17 14:14:04,861 INFO sqlalchemy.engine.Engine SELECT users.id, users.insta_id, users.username, users.full_name, users.photo_url 
FROM users 
WHERE users.insta_id = $1::VARCHAR
2026-06-17 14:14:04,861 INFO sqlalchemy.engine.Engine [generated in 0.00033s] ('2619970640',)
2026-06-17 14:14:04,876 INFO sqlalchemy.engine.Engine SELECT (SELECT count(messages.id) AS count_1 
FROM messages 
WHERE messages.thread_id = threads.id AND messages.status = $1::VARCHAR) AS anon_1, threads.id, threads.thread_id, threads.timestamp_last_seen_message, threads.last_message_id, threads.context, threads.account_id, threads.is_approved, threads.insta_user_id, threads.is_unread, threads.user_information, threads.color_level, accounts_1.id AS id_1, accounts_1.insta_id, accounts_1.full_name, accounts_1.photo_url, accounts_1.username, accounts_1.password, accounts_1.has_error, accounts_1.created_at, accounts_1.updated_at, accounts_1.proxy_url, accounts_1.is_active, accounts_1.ai_model_id, accounts_1.folder_id, accounts_1.profile_id, accounts_1.information, users_1.id AS id_2, users_1.insta_id AS insta_id_1, users_1.username AS username_1, users_1.full_name AS full_name_1, users_1.photo_url AS photo_url_1 
FROM threads LEFT OUTER JOIN accounts AS accounts_1 ON accounts_1.id = threads.account_id LEFT OUTER JOIN users AS users_1 ON users_1.id = threads.insta_user_id 
WHERE threads.thread_id = $2::VARCHAR
2026-06-17 14:14:04,877 INFO sqlalchemy.engine.Engine [generated in 0.00047s] (<MessageStatusEnum.PENDING: 'pending'>, '102047057865685')
2026-06-17 14:14:04,888 INFO sqlalchemy.engine.Engine INSERT INTO threads (thread_id, timestamp_last_seen_message, last_message_id, context, account_id, is_approved, insta_user_id, is_unread, user_information, color_level) VALUES ($1::VARCHAR, $2::TIMESTAMP WITH TIME ZONE, $3::VARCHAR, $4::VARCHAR, $5::BIGINT, $6::BOOLEAN, $7::BIGINT, $8::BOOLEAN, $9::JSONB, $10::VARCHAR) RETURNING threads.id
2026-06-17 14:14:04,888 INFO sqlalchemy.engine.Engine [generated in 0.00067s] ('102047057865685', None, '', '', 16, True, 8, False, 'null', 'grey')
2026-06-17 14:14:04,894 INFO sqlalchemy.engine.Engine COMMIT
Thread 102047057865685 data received!
      Downloaded: 102047057865685_mid.$cAEB5nfW4bSelBSb0hGe0-GhNxEDF_image_0.jpg (3459.1 KB)
      Downloaded: 102047057865685_mid.$cAEB5nfW4bSek5rSI9metW89-rOKd_image_0.jpg (2550.2 KB)
      Downloaded: 102047057865685_mid.$cAEB5nfW4bSek4nJ2nmesS0flr_Zf_image_0.jpg (96.1 KB)
      Downloaded: 102047057865685_mid.$cAEB5nfW4bSek3LmdM2eq3RSpb09M_image_0.jpg (3862.0 KB)
      Downloaded: 102047057865685_mid.$cAEB5nfW4bSekwl6yfmekRln3W6pR_image_0.jpg (3944.6 KB)
запрос к нейронке...
ответ нейронки ### Выжимка переписки:  

- **Общий стиль**: неформальный, местами хаотичный обмен короткими фразами, мемами и случайными репликами.  
- **Ключевые моменты**:  
  - Приветствия и отклики ("Йо йо йо", "hello", "здорова голова", "whats up").  
  - Бессвязные/абсурдные реплики ("Че каво", "Ахаха", "Куку епта", "whats up headass 33@@").  
  - Попытка взаимодействия ("Смотри", "Че такое?", "Проверка времени").  
- **Тон**: дружеский, с долей абсурда и иронии.  

Если нужно выделить что-то конкретное — уточни!
2026-06-17 14:14:27,368 INFO sqlalchemy.engine.Engine BEGIN (implicit)
2026-06-17 14:14:27,372 INFO sqlalchemy.engine.Engine UPDATE threads SET timestamp_last_seen_message=$1::TIMESTAMP WITH TIME ZONE, context=$2::VARCHAR WHERE threads.id = $3::INTEGER
2026-06-17 14:14:27,373 INFO sqlalchemy.engine.Engine [generated in 0.00046s] (datetime.datetime(2026, 6, 17, 4, 40, 42, 884000, tzinfo=datetime.timezone.utc), '### Выжимка переписки:  \n\n- **Общий стиль**: неформальный, местами хаотичный обмен короткими фразами, мемами и случайными репликами.  \n- **Ключевы ... (220 characters truncated) ...  ("Смотри", "Че такое?", "Проверка времени").  \n- **Тон**: дружеский, с долей абсурда и иронии.  \n\nЕсли нужно выделить что-то конкретное — уточни!', 109)
2026-06-17 14:14:27,387 INFO sqlalchemy.engine.Engine INSERT INTO messages (created_at, updated_at, text, sender, status, translated_text, thread_id) SELECT p0::TIMESTAMP WITH TIME ZONE, p1::TIMESTAMP WITH TIME ZONE, p2::VARCHAR, p3::VARCHAR, p4::VARCHAR, p5::VARCHAR, p6::BIGINT FROM (VALUES ($1::TIMEST ... 2335 characters truncated ... 1, p2, p3, p4, p5, p6, sen_counter) ORDER BY sen_counter RETURNING messages.id, messages.id AS id__1
2026-06-17 14:14:27,387 INFO sqlalchemy.engine.Engine [generated in 0.00024s (insertmanyvalues) 1/1 (ordered)] (datetime.datetime(2026, 6, 4, 5, 27, 2, 526000, tzinfo=datetime.timezone.utc), datetime.datetime(2026, 6, 4, 5, 27, 2, 526000, tzinfo=datetime.timezone.utc), None, 'assistant', 'approved', None, 109, datetime.datetime(2026, 6, 6, 7, 6, 42, 377000, tzinfo=datetime.timezone.utc), datetime.datetime(2026, 6, 6, 7, 6, 42, 377000, tzinfo=datetime.timezone.utc), 'Че каво', 'user', 'approved', None, 109, datetime.datetime(2026, 6, 8, 5, 36, 54, 13000, tzinfo=datetime.timezone.utc), datetime.datetime(2026, 6, 8, 5, 36, 54, 13000, tzinfo=datetime.timezone.utc), 'Йо йо йо', 'user', 'approved', None, 109, datetime.datetime(2026, 6, 8, 5, 54, 42, 807000, tzinfo=datetime.timezone.utc), datetime.datetime(2026, 6, 8, 5, 54, 42, 807000, tzinfo=datetime.timezone.utc), 'hello', 'assistant', 'approved', '"Здравствуйте"', 109, datetime.datetime(2026, 6, 9, 7, 27, 31, 847000, tzinfo=datetime.timezone.utc), datetime.datetime(2026, 6, 9, 7, 27, 31, 847000, tzinfo=datetime.timezone.utc), 'Ахаха', 'user', 'approved', None, 109, datetime.datetime(2026, 6, 9, 8, 16, 28, 467000, tzinfo=datetime.timezone.utc), datetime.datetime(2026, 6, 9, 8, 16, 28, 467000, tzinfo=datetime.timezone.utc), None, 'assistant', 'approved', None, 109, datetime.datetime(2026, 6, 9, 8, 18, 55, 839000, tzinfo=datetime.timezone.utc), datetime.datetime(2026, 6, 9, 8, 18, 55, 839000, tzinfo=datetime.timezone.utc), 'здорова голова', 'assistant', 'approved', None, 109, datetime.datetime(2026, 6, 10, 3, 28, 9, 978000, tzinfo=datetime.timezone.utc) ... 19 parameters truncated ... 109, datetime.datetime(2026, 6, 10, 6, 53, 30, 50000, tzinfo=datetime.timezone.utc), datetime.datetime(2026, 6, 10, 6, 53, 30, 50000, tzinfo=datetime.timezone.utc), 'Куку епта', 'user', 'approved', None, 109, datetime.datetime(2026, 6, 10, 10, 56, 17, 792000, tzinfo=datetime.timezone.utc), datetime.datetime(2026, 6, 10, 10, 56, 17, 792000, tzinfo=datetime.timezone.utc), 'Смотри', 'user', 'approved', None, 109, datetime.datetime(2026, 6, 10, 10, 56, 28, 830000, tzinfo=datetime.timezone.utc), datetime.datetime(2026, 6, 10, 10, 56, 28, 830000, tzinfo=datetime.timezone.utc), None, 'user', 'approved', None, 109, datetime.datetime(2026, 6, 11, 6, 47, 7, 766000, tzinfo=datetime.timezone.utc), datetime.datetime(2026, 6, 11, 6, 47, 7, 766000, tzinfo=datetime.timezone.utc), None, 'assistant', 'approved', None, 109, datetime.datetime(2026, 6, 15, 6, 34, 3, 733000, tzinfo=datetime.timezone.utc), datetime.datetime(2026, 6, 15, 6, 34, 3, 733000, tzinfo=datetime.timezone.utc), 'Йо', 'user', 'approved', None, 109, datetime.datetime(2026, 6, 16, 10, 51, 9, 528000, tzinfo=datetime.timezone.utc), datetime.datetime(2026, 6, 16, 10, 51, 9, 528000, tzinfo=datetime.timezone.utc), 'whats up headass 33@@', 'assistant', 'approved', '"whats up headass 33@@"', 109, datetime.datetime(2026, 6, 17, 4, 40, 42, 884000, tzinfo=datetime.timezone.utc), datetime.datetime(2026, 6, 17, 4, 40, 42, 884000, tzinfo=datetime.timezone.utc), None, 'assistant', 'approved', None, 109)
2026-06-17 14:14:27,395 INFO sqlalchemy.engine.Engine INSERT INTO attachments (media_type, media_url, message_id) SELECT p0::VARCHAR, p1::VARCHAR, p2::BIGINT FROM (VALUES ($1::VARCHAR, $2::VARCHAR, $3::BIGINT, 0), ($4::VARCHAR, $5::VARCHAR, $6::BIGINT, 1), ($7::VARCHAR, $8::VARCHAR, $9::BIGINT, 2), ($10::VARCHAR, $11::VARCHAR, $12::BIGINT, 3), ($13::VARCHAR, $14::VARCHAR, $15::BIGINT, 4)) AS imp_sen(p0, p1, p2, sen_counter) ORDER BY sen_counter RETURNING attachments.id, attachments.id AS id__1
2026-06-17 14:14:27,395 INFO sqlalchemy.engine.Engine [generated in 0.00009s (insertmanyvalues) 1/1 (ordered)] ('photo', './media/102047057865685/102047057865685_mid.$cAEB5nfW4bSekwl6yfmekRln3W6pR_image_0.jpg', 946, 'photo', './media/102047057865685/102047057865685_mid.$cAEB5nfW4bSek3LmdM2eq3RSpb09M_image_0.jpg', 951, 'photo', './media/102047057865685/102047057865685_mid.$cAEB5nfW4bSek4nJ2nmesS0flr_Zf_image_0.jpg', 958, 'photo', './media/102047057865685/102047057865685_mid.$cAEB5nfW4bSek5rSI9metW89-rOKd_image_0.jpg', 959, 'photo', './media/102047057865685/102047057865685_mid.$cAEB5nfW4bSelBSb0hGe0-GhNxEDF_image_0.jpg', 962)
2026-06-17 14:14:27,400 INFO sqlalchemy.engine.Engine COMMIT
2026-06-17 14:14:29,410 INFO sqlalchemy.engine.Engine BEGIN (implicit)
2026-06-17 14:14:29,411 INFO sqlalchemy.engine.Engine SELECT users.id, users.insta_id, users.username, users.full_name, users.photo_url 
FROM users 
WHERE users.insta_id = $1::VARCHAR
2026-06-17 14:14:29,411 INFO sqlalchemy.engine.Engine [cached since 24.55s ago] ('723274928',)
2026-06-17 14:14:29,418 INFO sqlalchemy.engine.Engine SELECT (SELECT count(messages.id) AS count_1 
FROM messages 
WHERE messages.thread_id = threads.id AND messages.status = $1::VARCHAR) AS anon_1, threads.id, threads.thread_id, threads.timestamp_last_seen_message, threads.last_message_id, threads.context, threads.account_id, threads.is_approved, threads.insta_user_id, threads.is_unread, threads.user_information, threads.color_level, accounts_1.id AS id_1, accounts_1.insta_id, accounts_1.full_name, accounts_1.photo_url, accounts_1.username, accounts_1.password, accounts_1.has_error, accounts_1.created_at, accounts_1.updated_at, accounts_1.proxy_url, accounts_1.is_active, accounts_1.ai_model_id, accounts_1.folder_id, accounts_1.profile_id, accounts_1.information, users_1.id AS id_2, users_1.insta_id AS insta_id_1, users_1.username AS username_1, users_1.full_name AS full_name_1, users_1.photo_url AS photo_url_1 
FROM threads LEFT OUTER JOIN accounts AS accounts_1 ON accounts_1.id = threads.account_id LEFT OUTER JOIN users AS users_1 ON users_1.id = threads.insta_user_id 
WHERE threads.thread_id = $2::VARCHAR
2026-06-17 14:14:29,419 INFO sqlalchemy.engine.Engine [cached since 24.54s ago] (<MessageStatusEnum.PENDING: 'pending'>, '117586169633422')
2026-06-17 14:14:29,424 INFO sqlalchemy.engine.Engine INSERT INTO threads (thread_id, timestamp_last_seen_message, last_message_id, context, account_id, is_approved, insta_user_id, is_unread, user_information, color_level) VALUES ($1::VARCHAR, $2::TIMESTAMP WITH TIME ZONE, $3::VARCHAR, $4::VARCHAR, $5::BIGINT, $6::BOOLEAN, $7::BIGINT, $8::BOOLEAN, $9::JSONB, $10::VARCHAR) RETURNING threads.id
2026-06-17 14:14:29,424 INFO sqlalchemy.engine.Engine [cached since 24.54s ago] ('117586169633422', None, '', '', 16, True, 10, False, 'null', 'grey')
2026-06-17 14:14:29,428 INFO sqlalchemy.engine.Engine COMMIT
Thread 117586169633422 data received!
запрос к нейронке...
ответ нейронки Выжимка:  
- Пользователь написал "Yo" (07.06.2026).  
- Ассистент одобрил обсуждение и отправил сообщение (08.06.2026).  

Контекст: короткое взаимодействие с подтверждением от ассистента.
2026-06-17 14:14:43,745 INFO sqlalchemy.engine.Engine BEGIN (implicit)
2026-06-17 14:14:43,746 INFO sqlalchemy.engine.Engine UPDATE threads SET timestamp_last_seen_message=$1::TIMESTAMP WITH TIME ZONE, context=$2::VARCHAR, is_unread=$3::BOOLEAN WHERE threads.id = $4::INTEGER
2026-06-17 14:14:43,746 INFO sqlalchemy.engine.Engine [generated in 0.00032s] (datetime.datetime(2026, 6, 8, 5, 34, 44, 820000, tzinfo=datetime.timezone.utc), 'Выжимка:  \n- Пользователь написал "Yo" (07.06.2026).  \n- Ассистент одобрил обсуждение и отправил сообщение (08.06.2026).  \n\nКонтекст: короткое взаимодействие с подтверждением от ассистента.', True, 110)
2026-06-17 14:14:43,752 INFO sqlalchemy.engine.Engine INSERT INTO messages (created_at, updated_at, text, sender, status, translated_text, thread_id) SELECT p0::TIMESTAMP WITH TIME ZONE, p1::TIMESTAMP WITH TIME ZONE, p2::VARCHAR, p3::VARCHAR, p4::VARCHAR, p5::VARCHAR, p6::BIGINT FROM (VALUES ($1::TIMEST ... 268 characters truncated ... 1, p2, p3, p4, p5, p6, sen_counter) ORDER BY sen_counter RETURNING messages.id, messages.id AS id__1
2026-06-17 14:14:43,752 INFO sqlalchemy.engine.Engine [cached since 16.37s ago (insertmanyvalues) 1/1 (ordered)] (datetime.datetime(2026, 6, 7, 5, 43, 30, 922000, tzinfo=datetime.timezone.utc), datetime.datetime(2026, 6, 7, 5, 43, 30, 922000, tzinfo=datetime.timezone.utc), 'Yo', 'user', 'approved', None, 110, datetime.datetime(2026, 6, 8, 5, 34, 44, 820000, tzinfo=datetime.timezone.utc), datetime.datetime(2026, 6, 8, 5, 34, 44, 820000, tzinfo=datetime.timezone.utc), 'test approve thread and send message', 'assistant', 'approved', '"Тест одобряет thread и отправляет сообщение"', 110)
2026-06-17 14:14:43,755 INFO sqlalchemy.engine.Engine COMMIT
2026-06-17 14:14:45,763 INFO sqlalchemy.engine.Engine BEGIN (implicit)
2026-06-17 14:14:45,763 INFO sqlalchemy.engine.Engine SELECT users.id, users.insta_id, users.username, users.full_name, users.photo_url 
FROM users 
WHERE users.insta_id = $1::VARCHAR
2026-06-17 14:14:45,764 INFO sqlalchemy.engine.Engine [cached since 40.9s ago] ('41470176325',)
2026-06-17 14:14:45,770 INFO sqlalchemy.engine.Engine SELECT (SELECT count(messages.id) AS count_1 
FROM messages 
WHERE messages.thread_id = threads.id AND messages.status = $1::VARCHAR) AS anon_1, threads.id, threads.thread_id, threads.timestamp_last_seen_message, threads.last_message_id, threads.context, threads.account_id, threads.is_approved, threads.insta_user_id, threads.is_unread, threads.user_information, threads.color_level, accounts_1.id AS id_1, accounts_1.insta_id, accounts_1.full_name, accounts_1.photo_url, accounts_1.username, accounts_1.password, accounts_1.has_error, accounts_1.created_at, accounts_1.updated_at, accounts_1.proxy_url, accounts_1.is_active, accounts_1.ai_model_id, accounts_1.folder_id, accounts_1.profile_id, accounts_1.information, users_1.id AS id_2, users_1.insta_id AS insta_id_1, users_1.username AS username_1, users_1.full_name AS full_name_1, users_1.photo_url AS photo_url_1 
FROM threads LEFT OUTER JOIN accounts AS accounts_1 ON accounts_1.id = threads.account_id LEFT OUTER JOIN users AS users_1 ON users_1.id = threads.insta_user_id 
WHERE threads.thread_id = $2::VARCHAR
2026-06-17 14:14:45,770 INFO sqlalchemy.engine.Engine [cached since 40.89s ago] (<MessageStatusEnum.PENDING: 'pending'>, '18066587015376326')
2026-06-17 14:14:45,773 INFO sqlalchemy.engine.Engine INSERT INTO threads (thread_id, timestamp_last_seen_message, last_message_id, context, account_id, is_approved, insta_user_id, is_unread, user_information, color_level) VALUES ($1::VARCHAR, $2::TIMESTAMP WITH TIME ZONE, $3::VARCHAR, $4::VARCHAR, $5::BIGINT, $6::BOOLEAN, $7::BIGINT, $8::BOOLEAN, $9::JSONB, $10::VARCHAR) RETURNING threads.id
2026-06-17 14:14:45,773 INFO sqlalchemy.engine.Engine [cached since 40.88s ago] ('18066587015376326', None, '', '', 16, True, 11, False, 'null', 'grey')
2026-06-17 14:14:45,777 INFO sqlalchemy.engine.Engine COMMIT
Thread 18066587015376326 data received!
запрос к нейронке...
ответ нейронки **Выжимка переписки:**  

- **11:04** | user: "привет"  

*(Начало диалога, ожидание ответа)*
2026-06-17 14:14:58,498 INFO sqlalchemy.engine.Engine BEGIN (implicit)
2026-06-17 14:14:58,498 INFO sqlalchemy.engine.Engine UPDATE threads SET timestamp_last_seen_message=$1::TIMESTAMP WITH TIME ZONE, context=$2::VARCHAR, is_unread=$3::BOOLEAN WHERE threads.id = $4::INTEGER
2026-06-17 14:14:58,499 INFO sqlalchemy.engine.Engine [cached since 14.75s ago] (datetime.datetime(2026, 6, 7, 11, 4, 20, 547000, tzinfo=datetime.timezone.utc), '**Выжимка переписки:**  \n\n- **11:04** | user: "привет"  \n\n*(Начало диалога, ожидание ответа)*', True, 111)
2026-06-17 14:14:58,506 INFO sqlalchemy.engine.Engine INSERT INTO messages (created_at, updated_at, text, sender, status, translated_text, thread_id) VALUES ($1::TIMESTAMP WITH TIME ZONE, $2::TIMESTAMP WITH TIME ZONE, $3::VARCHAR, $4::VARCHAR, $5::VARCHAR, $6::VARCHAR, $7::BIGINT) RETURNING messages.id
2026-06-17 14:14:58,506 INFO sqlalchemy.engine.Engine [generated in 0.00045s] (datetime.datetime(2026, 6, 7, 11, 4, 20, 547000, tzinfo=datetime.timezone.utc), datetime.datetime(2026, 6, 7, 11, 4, 20, 547000, tzinfo=datetime.timezone.utc), 'привет', 'user', 'approved', None, 111)
2026-06-17 14:14:58,510 INFO sqlalchemy.engine.Engine COMMIT
TASK FROM ARQ ✅
2026-06-17 14:15:00,037 INFO sqlalchemy.engine.Engine BEGIN (implicit)
2026-06-17 14:15:00,038 INFO sqlalchemy.engine.Engine SELECT accounts.id, accounts.insta_id, accounts.full_name, accounts.photo_url, accounts.username, accounts.password, accounts.has_error, accounts.created_at, accounts.updated_at, accounts.proxy_url, accounts.is_active, accounts.ai_model_id, accounts.folder_id, accounts.profile_id, accounts.information 
FROM accounts 
WHERE accounts.is_active = true AND accounts.username = $1::VARCHAR
2026-06-17 14:15:00,038 INFO sqlalchemy.engine.Engine [cached since 74.21s ago] ('yashenkov.q',)
2026-06-17 14:15:00,042 INFO sqlalchemy.engine.Engine ROLLBACK
ACTIVE PROFILES {'profiles': [{'folder_id': 'dbb942b0-3068-4fbd-b2fd-1faeeb7fbb1e', 'profile_id': '4bff709f-2157-4011-97c9-08976ff5dd36', 'pid': 32295, 'port': 52810}]}
2026-06-17 14:15:00,522 INFO sqlalchemy.engine.Engine BEGIN (implicit)
2026-06-17 14:15:00,523 INFO sqlalchemy.engine.Engine SELECT users.id, users.insta_id, users.username, users.full_name, users.photo_url 
FROM users 
WHERE users.insta_id = $1::VARCHAR
2026-06-17 14:15:00,523 INFO sqlalchemy.engine.Engine [cached since 55.66s ago] ('29781370356',)
2026-06-17 14:15:00,533 INFO sqlalchemy.engine.Engine SELECT (SELECT count(messages.id) AS count_1 
FROM messages 
WHERE messages.thread_id = threads.id AND messages.status = $1::VARCHAR) AS anon_1, threads.id, threads.thread_id, threads.timestamp_last_seen_message, threads.last_message_id, threads.context, threads.account_id, threads.is_approved, threads.insta_user_id, threads.is_unread, threads.user_information, threads.color_level, accounts_1.id AS id_1, accounts_1.insta_id, accounts_1.full_name, accounts_1.photo_url, accounts_1.username, accounts_1.password, accounts_1.has_error, accounts_1.created_at, accounts_1.updated_at, accounts_1.proxy_url, accounts_1.is_active, accounts_1.ai_model_id, accounts_1.folder_id, accounts_1.profile_id, accounts_1.information, users_1.id AS id_2, users_1.insta_id AS insta_id_1, users_1.username AS username_1, users_1.full_name AS full_name_1, users_1.photo_url AS photo_url_1 
FROM threads LEFT OUTER JOIN accounts AS accounts_1 ON accounts_1.id = threads.account_id LEFT OUTER JOIN users AS users_1 ON users_1.id = threads.insta_user_id 
WHERE threads.thread_id = $2::VARCHAR
2026-06-17 14:15:00,533 INFO sqlalchemy.engine.Engine [cached since 55.66s ago] (<MessageStatusEnum.PENDING: 'pending'>, '18087676138994357')
2026-06-17 14:15:00,540 INFO sqlalchemy.engine.Engine INSERT INTO threads (thread_id, timestamp_last_seen_message, last_message_id, context, account_id, is_approved, insta_user_id, is_unread, user_information, color_level) VALUES ($1::VARCHAR, $2::TIMESTAMP WITH TIME ZONE, $3::VARCHAR, $4::VARCHAR, $5::BIGINT, $6::BOOLEAN, $7::BIGINT, $8::BOOLEAN, $9::JSONB, $10::VARCHAR) RETURNING threads.id
2026-06-17 14:15:00,540 INFO sqlalchemy.engine.Engine [cached since 55.65s ago] ('18087676138994357', None, '', '', 16, True, 7, False, 'null', 'grey')
2026-06-17 14:15:00,545 INFO sqlalchemy.engine.Engine COMMIT
Thread 18087676138994357 data received!
      Downloaded: 18087676138994357_mid.$cAABn9xwJvEeko8lxDWecoQcjCEB3_image_0.jpg (173.0 KB)
запрос к нейронке...
ответ нейронки Выжимка:  

Приветствие от assistant (11:01). Позже assistant отправил сообщение без текста (06:53).  

(Если в предыдущей выжимке был контекст, можно добавить его в начало для связности).
2026-06-17 14:15:14,724 INFO sqlalchemy.engine.Engine BEGIN (implicit)
2026-06-17 14:15:14,725 INFO sqlalchemy.engine.Engine UPDATE threads SET timestamp_last_seen_message=$1::TIMESTAMP WITH TIME ZONE, context=$2::VARCHAR WHERE threads.id = $3::INTEGER
2026-06-17 14:15:14,725 INFO sqlalchemy.engine.Engine [cached since 47.35s ago] (datetime.datetime(2026, 5, 29, 6, 55, 24, 429000, tzinfo=datetime.timezone.utc), 'Выжимка:  \n\nПриветствие от assistant (11:01). Позже assistant отправил сообщение без текста (06:53).  \n\n(Если в предыдущей выжимке был контекст, можно добавить его в начало для связности).', 112)
2026-06-17 14:15:14,730 INFO sqlalchemy.engine.Engine INSERT INTO messages (created_at, updated_at, text, sender, status, translated_text, thread_id) SELECT p0::TIMESTAMP WITH TIME ZONE, p1::TIMESTAMP WITH TIME ZONE, p2::VARCHAR, p3::VARCHAR, p4::VARCHAR, p5::VARCHAR, p6::BIGINT FROM (VALUES ($1::TIMEST ... 404 characters truncated ... 1, p2, p3, p4, p5, p6, sen_counter) ORDER BY sen_counter RETURNING messages.id, messages.id AS id__1
2026-06-17 14:15:14,730 INFO sqlalchemy.engine.Engine [cached since 47.34s ago (insertmanyvalues) 1/1 (ordered)] (datetime.datetime(2026, 5, 14, 11, 1, 54, 462000, tzinfo=datetime.timezone.utc), datetime.datetime(2026, 5, 14, 11, 1, 54, 462000, tzinfo=datetime.timezone.utc), 'привет', 'assistant', 'approved', None, 112, datetime.datetime(2026, 5, 29, 6, 53, 18, 269000, tzinfo=datetime.timezone.utc), datetime.datetime(2026, 5, 29, 6, 53, 18, 269000, tzinfo=datetime.timezone.utc), 'gfdgd', 'assistant', 'approved', '"gfdgd"', 112, datetime.datetime(2026, 5, 29, 6, 55, 24, 429000, tzinfo=datetime.timezone.utc), datetime.datetime(2026, 5, 29, 6, 55, 24, 429000, tzinfo=datetime.timezone.utc), None, 'assistant', 'approved', None, 112)
2026-06-17 14:15:14,735 INFO sqlalchemy.engine.Engine INSERT INTO attachments (media_type, media_url, message_id) VALUES ($1::VARCHAR, $2::VARCHAR, $3::BIGINT) RETURNING attachments.id
2026-06-17 14:15:14,735 INFO sqlalchemy.engine.Engine [generated in 0.00044s] ('photo', './media/18087676138994357/18087676138994357_mid.$cAABn9xwJvEeko8lxDWecoQcjCEB3_image_0.jpg', 968)
2026-06-17 14:15:14,739 INFO sqlalchemy.engine.Engine COMMIT
2026-06-17 14:15:16,751 INFO sqlalchemy.engine.Engine BEGIN (implicit)
2026-06-17 14:15:16,752 INFO sqlalchemy.engine.Engine SELECT users.id, users.insta_id, users.username, users.full_name, users.photo_url 
FROM users 
WHERE users.insta_id = $1::VARCHAR
2026-06-17 14:15:16,752 INFO sqlalchemy.engine.Engine [cached since 71.89s ago] ('2679200442',)
2026-06-17 14:15:16,761 INFO sqlalchemy.engine.Engine SELECT (SELECT count(messages.id) AS count_1 
FROM messages 
WHERE messages.thread_id = threads.id AND messages.status = $1::VARCHAR) AS anon_1, threads.id, threads.thread_id, threads.timestamp_last_seen_message, threads.last_message_id, threads.context, threads.account_id, threads.is_approved, threads.insta_user_id, threads.is_unread, threads.user_information, threads.color_level, accounts_1.id AS id_1, accounts_1.insta_id, accounts_1.full_name, accounts_1.photo_url, accounts_1.username, accounts_1.password, accounts_1.has_error, accounts_1.created_at, accounts_1.updated_at, accounts_1.proxy_url, accounts_1.is_active, accounts_1.ai_model_id, accounts_1.folder_id, accounts_1.profile_id, accounts_1.information, users_1.id AS id_2, users_1.insta_id AS insta_id_1, users_1.username AS username_1, users_1.full_name AS full_name_1, users_1.photo_url AS photo_url_1 
FROM threads LEFT OUTER JOIN accounts AS accounts_1 ON accounts_1.id = threads.account_id LEFT OUTER JOIN users AS users_1 ON users_1.id = threads.insta_user_id 
WHERE threads.thread_id = $2::VARCHAR
2026-06-17 14:15:16,761 INFO sqlalchemy.engine.Engine [cached since 71.88s ago] (<MessageStatusEnum.PENDING: 'pending'>, '105107154221124')
2026-06-17 14:15:16,767 INFO sqlalchemy.engine.Engine INSERT INTO threads (thread_id, timestamp_last_seen_message, last_message_id, context, account_id, is_approved, insta_user_id, is_unread, user_information, color_level) VALUES ($1::VARCHAR, $2::TIMESTAMP WITH TIME ZONE, $3::VARCHAR, $4::VARCHAR, $5::BIGINT, $6::BOOLEAN, $7::BIGINT, $8::BOOLEAN, $9::JSONB, $10::VARCHAR) RETURNING threads.id
2026-06-17 14:15:16,768 INFO sqlalchemy.engine.Engine [cached since 71.88s ago] ('105107154221124', None, '', '', 16, True, 1, False, 'null', 'grey')
2026-06-17 14:15:16,771 INFO sqlalchemy.engine.Engine COMMIT
Thread 105107154221124 data received!
      Downloaded: 105107154221124_mid.$cAEB6ynGNPrajoyAjsF5eyP3UZxOa_image_0.jpg (86.0 KB)
запрос к нейронке...
ответ нейронки **Выжимка переписки:**  

- **User** спрашивает: *"Как дела?"*  
- **Assistant** отвечает игриво: *"Дела отлично, особенно с такими милыми собеседниками! А у тебя?"*  
- **User** пишет: *"Привет красотка"*, затем *"Воу"* и провокационное *"Скинь сиськи"*.  
- **Assistant** игнорирует неуместный запрос, отправляя тестовые сообщения (*"test message from admin panel"*).  

**Контекст:** Общение началось нейтрально, но перешло в неуместные предложения от пользователя. Бот сохраняет формальный тон, избегая реакции на провокации.
2026-06-17 14:15:34,660 INFO sqlalchemy.engine.Engine BEGIN (implicit)
2026-06-17 14:15:34,660 INFO sqlalchemy.engine.Engine UPDATE threads SET timestamp_last_seen_message=$1::TIMESTAMP WITH TIME ZONE, context=$2::VARCHAR, is_unread=$3::BOOLEAN WHERE threads.id = $4::INTEGER
2026-06-17 14:15:34,661 INFO sqlalchemy.engine.Engine [cached since 50.91s ago] (datetime.datetime(2026, 4, 9, 10, 49, 6, 404000, tzinfo=datetime.timezone.utc), '**Выжимка переписки:**  \n\n- **User** спрашивает: *"Как дела?"*  \n- **Assistant** отвечает игриво: *"Дела отлично, особенно с такими милыми собесед ... (238 characters truncated) ... кст:** Общение началось нейтрально, но перешло в неуместные предложения от пользователя. Бот сохраняет формальный тон, избегая реакции на провокации.', True, 113)
2026-06-17 14:15:34,665 INFO sqlalchemy.engine.Engine INSERT INTO messages (created_at, updated_at, text, sender, status, translated_text, thread_id) SELECT p0::TIMESTAMP WITH TIME ZONE, p1::TIMESTAMP WITH TIME ZONE, p2::VARCHAR, p3::VARCHAR, p4::VARCHAR, p5::VARCHAR, p6::BIGINT FROM (VALUES ($1::TIMEST ... 1084 characters truncated ... 1, p2, p3, p4, p5, p6, sen_counter) ORDER BY sen_counter RETURNING messages.id, messages.id AS id__1
2026-06-17 14:15:34,666 INFO sqlalchemy.engine.Engine [cached since 67.28s ago (insertmanyvalues) 1/1 (ordered)] (datetime.datetime(2026, 3, 11, 11, 12, 50, 15000, tzinfo=datetime.timezone.utc), datetime.datetime(2026, 3, 11, 11, 12, 50, 15000, tzinfo=datetime.timezone.utc), 'Как дела', 'user', 'approved', None, 113, datetime.datetime(2026, 3, 23, 9, 25, 53, 569000, tzinfo=datetime.timezone.utc), datetime.datetime(2026, 3, 23, 9, 25, 53, 569000, tzinfo=datetime.timezone.utc), 'Ой, а кто это тут такой любопытный? 😏 Дела у меня отлично, особенно когда пишут такие милые собеседники! А у тебя как?', 'assistant', 'approved', None, 113, datetime.datetime(2026, 3, 23, 9, 27, 27, 983000, tzinfo=datetime.timezone.utc), datetime.datetime(2026, 3, 23, 9, 27, 27, 983000, tzinfo=datetime.timezone.utc), 'test message from admin panel', 'assistant', 'approved', '"Тест от панели admin"', 113, datetime.datetime(2026, 4, 9, 10, 17, 41, 413000, tzinfo=datetime.timezone.utc), datetime.datetime(2026, 4, 9, 10, 17, 41, 413000, tzinfo=datetime.timezone.utc), 'Привет красотка', 'user', 'approved', None, 113, datetime.datetime(2026, 4, 9, 10, 46, 51, 632000, tzinfo=datetime.timezone.utc), datetime.datetime(2026, 4, 9, 10, 46, 51, 632000, tzinfo=datetime.timezone.utc), 'test from admin panel 22 fwefdw', 'assistant', 'approved', '"Тест от admin панель 22 fwefdw"', 113, datetime.datetime(2026, 4, 9, 10, 47, 1, 1000, tzinfo=datetime.timezone.utc), datetime.datetime(2026, 4, 9, 10, 47, 1, 1000, tzinfo=datetime.timezone.utc), 'Воу', 'user', 'approved', None, 113, datetime.datetime(2026, 4, 9, 10, 47, 41, 744000, tzinfo=datetime.timezone.utc), datetime.datetime(2026, 4, 9, 10, 47, 41, 744000, tzinfo=datetime.timezone.utc), None, 'assistant', 'approved', None, 113, datetime.datetime(2026, 4, 9, 10, 49, 6, 404000, tzinfo=datetime.timezone.utc), datetime.datetime(2026, 4, 9, 10, 49, 6, 404000, tzinfo=datetime.timezone.utc), 'Скинь сиськи', 'user', 'approved', None, 113)
2026-06-17 14:15:34,671 INFO sqlalchemy.engine.Engine INSERT INTO attachments (media_type, media_url, message_id) VALUES ($1::VARCHAR, $2::VARCHAR, $3::BIGINT) RETURNING attachments.id
2026-06-17 14:15:34,671 INFO sqlalchemy.engine.Engine [cached since 19.94s ago] ('photo', './media/105107154221124/105107154221124_mid.$cAEB6ynGNPrajoyAjsF5eyP3UZxOa_image_0.jpg', 975)
2026-06-17 14:15:34,673 INFO sqlalchemy.engine.Engine COMMIT
Message requests received!
Found 0 request threads
Found 0 spam threads
Worker for account polling is shutting down...
