11:25:47: Starting worker for 2 functions: start_polling_for_accounts, parse_account
11:25:47: redis_version=8.0.2 mem_usage=1.23M clients_connected=2 db_keys=2
11:25:47: 3467.35s → start_polling_for_accounts_:start_polling_for_accounts() delayed=3467.35s
11:25:47:   0.04s ← start_polling_for_accounts_:start_polling_for_accounts ● 
11:25:47:   0.47s → 9218a2ab3f9648f0b1267fd9d975cb0c:parse_account(15, 'dbb942b0-3068-4fbd-b2fd-1faeeb7fbb1e', '4bff709f-2157-4011-97c9-08976ff5dd…)
11:26:00:   0.38s → start_polling_for_accounts_:start_polling_for_accounts()
11:26:00:   0.00s ← start_polling_for_accounts_:start_polling_for_accounts ● 
11:26:16:  28.25s ! 9218a2ab3f9648f0b1267fd9d975cb0c:parse_account failed, ClientConnectorError: Cannot connect to host localhost:8001 ssl:default [Connect call failed ('127.0.0.1', 8001)]
Traceback (most recent call last):
  File "/Users/skxnny/web/ai_orchestrator/venv/lib/python3.10/site-packages/aiohttp/connector.py", line 1025, in _wrap_create_connection
    return await self._loop.create_connection(*args, **kwargs)
  File "/opt/homebrew/Cellar/python@3.10/3.10.16/Frameworks/Python.framework/Versions/3.10/lib/python3.10/asyncio/base_events.py", line 1076, in create_connection
    raise exceptions[0]
  File "/opt/homebrew/Cellar/python@3.10/3.10.16/Frameworks/Python.framework/Versions/3.10/lib/python3.10/asyncio/base_events.py", line 1060, in create_connection
    sock = await self._connect_sock(
  File "/opt/homebrew/Cellar/python@3.10/3.10.16/Frameworks/Python.framework/Versions/3.10/lib/python3.10/asyncio/base_events.py", line 969, in _connect_sock
    await self.sock_connect(sock, address)
  File "/opt/homebrew/Cellar/python@3.10/3.10.16/Frameworks/Python.framework/Versions/3.10/lib/python3.10/asyncio/selector_events.py", line 501, in sock_connect
    return await fut
  File "/opt/homebrew/Cellar/python@3.10/3.10.16/Frameworks/Python.framework/Versions/3.10/lib/python3.10/asyncio/selector_events.py", line 541, in _sock_connect_cb
    raise OSError(err, f'Connect call failed {address}')
ConnectionRefusedError: [Errno 61] Connect call failed ('127.0.0.1', 8001)

The above exception was the direct cause of the following exception:

Traceback (most recent call last):
  File "/Users/skxnny/web/ai_orchestrator/venv/lib/python3.10/site-packages/arq/worker.py", line 594, in run_job
    result = await asyncio.wait_for(task, timeout_s)
  File "/opt/homebrew/Cellar/python@3.10/3.10.16/Frameworks/Python.framework/Versions/3.10/lib/python3.10/asyncio/tasks.py", line 445, in wait_for
    return fut.result()
  File "/Users/skxnny/web/ai_orchestrator/background/tasks.py", line 103, in parse_account
    await test_playwright(account_id,
  File "/Users/skxnny/web/ai_orchestrator/utils/tasks.py", line 1061, in test_playwright
    await process_threads(inbox_threads, account_id, page,
  File "/Users/skxnny/web/ai_orchestrator/utils/tasks.py", line 968, in process_threads
    await try_add_messages(messages_data, current_thread, _session)
  File "/Users/skxnny/web/ai_orchestrator/db/queries.py", line 492, in try_add_messages
    translated_text = await try_translate_text(_msg_text)
  File "/Users/skxnny/web/ai_orchestrator/utils/base.py", line 260, in try_translate_text
    async with session.get(url=url) as response:
  File "/Users/skxnny/web/ai_orchestrator/venv/lib/python3.10/site-packages/aiohttp/client.py", line 1197, in __aenter__
    self._resp = await self._coro
  File "/Users/skxnny/web/ai_orchestrator/venv/lib/python3.10/site-packages/aiohttp/client.py", line 581, in _request
    conn = await self._connector.connect(
  File "/Users/skxnny/web/ai_orchestrator/venv/lib/python3.10/site-packages/aiohttp/connector.py", line 544, in connect
    proto = await self._create_connection(req, traces, timeout)
  File "/Users/skxnny/web/ai_orchestrator/venv/lib/python3.10/site-packages/aiohttp/connector.py", line 944, in _create_connection
    _, proto = await self._create_direct_connection(req, traces, timeout)
  File "/Users/skxnny/web/ai_orchestrator/venv/lib/python3.10/site-packages/aiohttp/connector.py", line 1257, in _create_direct_connection
    raise last_exc
  File "/Users/skxnny/web/ai_orchestrator/venv/lib/python3.10/site-packages/aiohttp/connector.py", line 1226, in _create_direct_connection
    transp, proto = await self._wrap_create_connection(
  File "/Users/skxnny/web/ai_orchestrator/venv/lib/python3.10/site-packages/aiohttp/connector.py", line 1033, in _wrap_create_connection
    raise client_error(req.connection_key, exc) from exc
aiohttp.client_exceptions.ClientConnectorError: Cannot connect to host localhost:8001 ssl:default [Connect call failed ('127.0.0.1', 8001)]
11:26:59:   0.02s → start_polling_for_accounts_:start_polling_for_accounts()
11:26:59:   0.01s ← start_polling_for_accounts_:start_polling_for_accounts ● 
11:27:00:   0.49s → 708bfacac8ae450ebba1b4eca7d45147:parse_account(15, 'dbb942b0-3068-4fbd-b2fd-1faeeb7fbb1e', '4bff709f-2157-4011-97c9-08976ff5dd…)
11:27:10:  10.42s ! 708bfacac8ae450ebba1b4eca7d45147:parse_account failed, Error: BrowserType.connect_over_cdp: connect ECONNREFUSED 127.0.0.1:51173
Call log:
  - <ws preparing> retrieving websocket url from http://127.0.0.1:51173
Traceback (most recent call last):
  File "/Users/skxnny/web/ai_orchestrator/venv/lib/python3.10/site-packages/arq/worker.py", line 594, in run_job
    result = await asyncio.wait_for(task, timeout_s)
  File "/opt/homebrew/Cellar/python@3.10/3.10.16/Frameworks/Python.framework/Versions/3.10/lib/python3.10/asyncio/tasks.py", line 445, in wait_for
    return fut.result()
  File "/Users/skxnny/web/ai_orchestrator/background/tasks.py", line 103, in parse_account
    await test_playwright(account_id,
  File "/Users/skxnny/web/ai_orchestrator/utils/tasks.py", line 989, in test_playwright
    browser = await p.chromium.connect_over_cdp(f'http://{VISION_BROWSER_HOST}:{profile_port}')
  File "/Users/skxnny/web/ai_orchestrator/venv/lib/python3.10/site-packages/playwright/async_api/_generated.py", line 15549, in connect_over_cdp
    await self._impl_obj.connect_over_cdp(
  File "/Users/skxnny/web/ai_orchestrator/venv/lib/python3.10/site-packages/playwright/_impl/_browser_type.py", line 208, in connect_over_cdp
    response = await self._channel.send_return_as_dict(
  File "/Users/skxnny/web/ai_orchestrator/venv/lib/python3.10/site-packages/playwright/_impl/_connection.py", line 83, in send_return_as_dict
    return await self._connection.wrap_api_call(
  File "/Users/skxnny/web/ai_orchestrator/venv/lib/python3.10/site-packages/playwright/_impl/_connection.py", line 559, in wrap_api_call
    raise rewrite_error(error, f"{parsed_st['apiName']}: {error}") from None
playwright._impl._errors.Error: BrowserType.connect_over_cdp: connect ECONNREFUSED 127.0.0.1:51173
Call log:
  - <ws preparing> retrieving websocket url from http://127.0.0.1:51173

11:27:23: shutdown on SIGTERM ◆ 3 jobs complete ◆ 2 failed ◆ 0 retries ◆ 0 ongoing to cancel
11:27:27: Starting worker for 2 functions: start_polling_for_accounts, parse_account
11:27:27: redis_version=8.0.2 mem_usage=1.49M clients_connected=2 db_keys=0
11:28:00:   0.26s → start_polling_for_accounts_:start_polling_for_accounts()
11:28:00:   0.09s ← start_polling_for_accounts_:start_polling_for_accounts ● 
11:28:00:   0.41s → 8b530477a5f749f4a0b7625a5c2a7fc9:parse_account(15, 'dbb942b0-3068-4fbd-b2fd-1faeeb7fbb1e', '4bff709f-2157-4011-97c9-08976ff5dd…)
11:29:00:   0.41s → start_polling_for_accounts_:start_polling_for_accounts()
11:29:00:   0.01s ← start_polling_for_accounts_:start_polling_for_accounts ● 
11:30:00:   0.07s → start_polling_for_accounts_:start_polling_for_accounts()
11:30:00:   0.01s ← start_polling_for_accounts_:start_polling_for_accounts ● 
11:30:00: 119.78s ← 8b530477a5f749f4a0b7625a5c2a7fc9:parse_account ● 
11:30:02: shutdown on SIGTERM ◆ 4 jobs complete ◆ 0 failed ◆ 0 retries ◆ 0 ongoing to cancel
14:13:45: Starting worker for 2 functions: start_polling_for_accounts, parse_account
14:13:45: redis_version=8.0.2 mem_usage=1.50M clients_connected=5 db_keys=2
14:13:45: 9765.86s → start_polling_for_accounts_:start_polling_for_accounts() delayed=9765.86s
14:13:45:   0.03s ← start_polling_for_accounts_:start_polling_for_accounts ● 
14:13:46:   0.48s → d46f69f5cce649769b290144d73b51d4:parse_account(16, 'dbb942b0-3068-4fbd-b2fd-1faeeb7fbb1e', '4bff709f-2157-4011-97c9-08976ff5dd…)
14:14:00:   0.41s → start_polling_for_accounts_:start_polling_for_accounts()
14:14:00:   0.02s ← start_polling_for_accounts_:start_polling_for_accounts ● 
14:15:00:   0.08s → start_polling_for_accounts_:start_polling_for_accounts()
14:15:00:   0.01s ← start_polling_for_accounts_:start_polling_for_accounts ● 
14:15:50: 123.73s ← d46f69f5cce649769b290144d73b51d4:parse_account ● 
14:15:56: shutdown on SIGTERM ◆ 4 jobs complete ◆ 0 failed ◆ 0 retries ◆ 0 ongoing to cancel
